## Dette har vi innvilga
* Du får 100 prosent foreldrepengar frå og med 1. april 2021 til og med 2. april 2021. Dette svarer til den stillingsprosenten mor jobbar. Det du tek ut i foreldrepengar, kan ikkje vere høgare enn den prosenten mor jobbar.
  Sjølv om du jobbar i denne perioden, får du inga forlenging av foreldrepengeperioden din. For å kombinere foreldrepengar med arbeid og få ein lengre periode med foreldrepengar må uttaket ditt vere lågare enn den prosenten mor jobbar.
* Du får 100 prosent foreldrepengar frå og med 3. april 2021 til og med 4. april 2021.
  Vi har redusert utbetalinga di fordi du har jobba i denne perioden. Du har søkt om å kombinere foreldrepengar med arbeid etter at du begynte å jobbe, og får derfor inga forlenging av foreldrepengeperioden din.
* Du får 100 prosent foreldrepengar frå og med 5. april 2021 til og med 6. april 2021.
  Vi har redusert utbetalinga di fordi du har jobba i denne perioden. Du har søkt om å kombinere foreldrepengar med arbeid etter at du begynte å jobbe, og får derfor inga forlenging av foreldrepengeperioden din.
* Du får 100 prosent foreldrepengar frå og med 7. april 2021 til og med 8. april 2021.
  Vi har redusert utbetalinga di fordi du jobbar i denne perioden. Sjølv om du jobbar i perioden, får du inga forlenging av foreldrepengeperioden din. Det må ha gått minst seks veker etter fødselen før du kan kombinere foreldrepengar med arbeid og få ein lengre periode med foreldrepengar.
* Du får 50 prosent foreldrepengar frå og med 9. april 2021 til og med 10. april 2021 fordi den andre forelderen skal ta ut foreldrepengar i same perioden. Du får 1 001 kroner per dag før skatt i denne perioden.
* Du får utsett foreldrepengane frå og med 11. april 2021 til og med 12. april 2021 fordi du har ferie.
* Du får utsett foreldrepengane frå og med 13. april 2021 til og med 14. april 2021 fordi du har ferie.
* Du får utsett foreldrepengane frå og med 15. april 2021 til og med 16. april 2021 fordi du jobbar heiltid.
* Du får utsett foreldrepengane frå og med 17. april 2021 til og med 18. april 2021 fordi du jobbar heiltid.
* Du får utsett foreldrepengane frå og med 19. april 2021 til og med 20. april 2021 fordi du er innlagd i helseinstitusjon.
* Du får utsett foreldrepengane frå og med 21. april 2021 til og med 22. april 2021 fordi du er innlagd i helseinstitusjon.
* Du får utsett foreldrepengane frå og med 23. april 2021 til og med 24. april 2021 fordi barna dine er innlagde i helseinstitusjon.
* Du får utsett foreldrepengane frå og med 25. april 2021 til og med 26. april 2021 fordi barna dine er innlagde i helseinstitusjon.
* Du får utsett foreldrepengane frå og med 27. april 2021 til og med 28. april 2021 fordi du er heilt avhengig av hjelp til å ta deg av barna.
* Du får utsett foreldrepengane frå og med 29. april 2021 til og med 30. april 2021 fordi du er heilt avhengig av hjelp til å ta deg av barna.
* Du får overta kvoten frå og med 1. mai 2021 til og med 2. mai 2021 fordi den andre forelderen ikkje har rett til foreldrepengar. I denne perioden får du 1 001 kroner per dag før skatt.
* Du får overta kvoten frå og med 3. mai 2021 til og med 4. mai 2021 fordi den andre forelderen er innlagd i helseinstitusjon. I denne perioden får du 1 001 kroner per dag før skatt.
* Du får overta kvoten frå og med 5. mai 2021 til og med 6. mai 2021 fordi den andre forelderen er heilt avhengig av hjelp til å ta seg av barna. I denne perioden får du 1 001 kroner per dag før skatt.
* Du får overta kvoten til den andre forelderen frå og med 7. mai 2021 til og med 8. mai 2021 fordi du har åleineomsorga for barna. I denne perioden får du 1 001 kroner per dag før skatt.
* Du har opphald i foreldrepengeperioden frå og med 8. mai 2021 til og med 10. mai 2021. Du mister ikkje dagar, fordi den andre forelderen jobbar, studerer eller er i ein annan godkjend aktivitet. Les meir om dette på [nav.no/foreldrepenger](https://nav.no/foreldrepenger).
* Du får utsett foreldrepengane frå og med 11. mai 2021 til og med 12. mai 2021 fordi du er innlagd i helseinstitusjon.
* Du får utsett foreldrepengane frå og med 13. mai 2021 til og med 14. mai 2021 fordi barna dine er innlagde i helseinstitusjon.
* Du får utsett foreldrepengane frå og med 15. mai 2021 til og med 16. mai 2021 fordi du er heilt avhengig av hjelp til å ta deg av barna.
* Du får foreldrepengar frå og med 17. mai 2021 til og med 18. mai 2021. Dei første seks vekene etter fødsel er øyremerkte mor, derfor har vi endra foreldrepengeperioden din. Dersom du ikkje skal ha foreldrepengar desse dagane, må du søkje om endring, men du vil ikkje kunne ta ut desse dagane seinare.
