## Dette har vi innvilget
* Du får 100 prosent foreldrepenger fra og med 1. april 2021 til og med 2. april 2021. Dette tilsvarer den stillingsprosenten mor jobber. Det du får i foreldrepenger kan ikke være høyere enn den prosenten mor jobber.
  Selv om du jobber i denne perioden, får du ingen forlengelse av foreldrepengeperioden din. For å kombinere foreldrepenger med arbeid og få en lengre periode med foreldrepenger, må uttaket ditt være lavere enn den prosenten mor jobber.
* Du får 100 prosent foreldrepenger fra og med 3. april 2021 til og med 4. april 2021.
  Vi har redusert utbetalingen din fordi du har jobbet i denne perioden. Du har søkt om å kombinere foreldrepenger med arbeid etter at du begynte å jobbe, og får derfor ingen forlengelse av foreldrepengeperioden din.
* Du får 100 prosent foreldrepenger fra og med 5. april 2021 til og med 6. april 2021.
  Vi har redusert utbetalingen din fordi du har jobbet i denne perioden. Du har søkt om å kombinere foreldrepenger med arbeid etter at du begynte å jobbe, og får derfor ingen forlengelse av foreldrepengeperioden din.
* Du får 100 prosent foreldrepenger fra og med 7. april 2021 til og med 8. april 2021.
  Vi har redusert utbetalingen din fordi du jobber i denne perioden. Selv om du jobber i perioden, får du ingen forlengelse av foreldrepengeperioden din. Det må ha gått minst seks uker etter fødselen før du kan kombinere foreldrepenger med arbeid og få en lengre periode med foreldrepenger.
* Du får 50 prosent foreldrepenger fra og med 9. april 2021 til og med 10. april 2021 fordi den andre forelderen skal ta ut foreldrepenger i samme periode. I denne perioden får du 1 001 kroner per dag før skatt.
* Du får utsatt foreldrepengene fra og med 11. april 2021 til og med 12. april 2021 fordi du har ferie.
* Du får utsatt foreldrepengene fra og med 13. april 2021 til og med 14. april 2021 fordi du har ferie.
* Du får utsatt foreldrepengene fra og med 15. april 2021 til og med 16. april 2021 fordi du jobber heltid.
* Du får utsatt foreldrepengene fra og med 17. april 2021 til og med 18. april 2021 fordi du jobber heltid.
* Du får utsatt foreldrepengene fra og med 19. april 2021 til og med 20. april 2021 fordi du er innlagt i helseinstitusjon.
* Du får utsatt foreldrepengene fra og med 21. april 2021 til og med 22. april 2021 fordi du er innlagt i helseinstitusjon.
* Du får utsatt foreldrepengene fra og med 23. april 2021 til og med 24. april 2021 fordi barna dine er innlagt i helseinstitusjon.
* Du får utsatt foreldrepengene fra og med 25. april 2021 til og med 26. april 2021 fordi barna dine er innlagt i helseinstitusjon.
* Du får utsatt foreldrepengene fra og med 27. april 2021 til og med 28. april 2021 fordi du er helt avhengig av hjelp til å ta deg av barna.
* Du får utsatt foreldrepengene fra og med 29. april 2021 til og med 30. april 2021 fordi du er helt avhengig av hjelp til å ta deg av barna.
* Du får overta kvoten fra og med 1. mai 2021 til og med 2. mai 2021 fordi den andre forelderen ikke har rett til foreldrepenger. I denne perioden får du 1 001 kroner per dag før skatt.
* Du får overta kvoten fra og med 3. mai 2021 til og med 4. mai 2021 fordi den andre forelderen er innlagt i helseinstitusjon. I denne perioden får du 1 001 kroner per dag før skatt.
* Du får overta kvoten fra og med 5. mai 2021 til og med 6. mai 2021 fordi den andre forelderen er helt avhengig av hjelp til å ta seg av barna. I denne perioden får du 1 001 kroner per dag før skatt.
* Du får overta kvoten til den andre forelderen fra og med 7. mai 2021 til og med 8. mai 2021 fordi du har aleneomsorgen for barna. I denne perioden får du 1 001 kroner per dag før skatt.
* Du har opphold i foreldrepengeperioden fra og med 8. mai 2021 til og med 10. mai 2021. Du mister ikke dager, fordi den andre forelderen jobber, studerer eller er i en annen godkjent aktivitet. Les mer om dette på [nav.no/foreldrepenger](https://nav.no/foreldrepenger).
* Du får utsatt foreldrepengene fra og med 11. mai 2021 til og med 12. mai 2021 fordi du er innlagt i helseinstitusjon.
* Du får utsatt foreldrepengene fra og med 13. mai 2021 til og med 14. mai 2021 fordi barna dine er innlagt i helseinstitusjon.
* Du får utsatt foreldrepengene fra og med 15. mai 2021 til og med 16. mai 2021 fordi du er helt avhengig av hjelp til å ta deg av barna.
* Du får foreldrepenger fra og med 17. mai 2021 til og med 18. mai 2021. De første seks ukene etter fødselen er forbeholdt mor, derfor har vi endret foreldrepengeperioden din. Dersom du ikke skal ha foreldrepenger disse dagene, må du søke om endring, men du vil ikke kunne ta ut disse dagene senere.
