<p align="right">
Dato: 4. mai 2021
</p>
<br>
<br>
<br>
# NAV har avslått søknaden din om svangerskapspenger
<p style="color:gray">
Saksnummer i NAV: 123456789
<br/>
Navn: Dolly Duck
<br/>
Fødselsnummer: 300220 12345
<br/>
</p>
Vi har avslått søknaden din om svangerskapspenger som vi mottok 23. mars 2021 fordi vi ikke har mottatt dokumentasjonen vi har bedt om.
Hvis du sender oss dokumentasjonen innen seks uker fra du fikk dette vedtaket, behandler vi saken din på nytt. Da trenger du ikke sende ny søknad.
Vedtaket er gjort etter folketrygdloven § 14-4.
<br/>
##### Du har rett til å klage
Du kan klage innen 6 uker fra den datoen du mottok vedtaket. Du finner skjema og informasjon på [nav.no/klage](https://nav.no/klage).
<br/>
<br/>
##### Du har rett til innsyn
På [nav.no/dittnav](https://nav.no/dittnav) kan du se dokumentene i saken din.
<br/>
<br/>
<div style="break-inside: avoid; page-break-inside: avoid">
##### Har du spørsmål?
Du finner nyttig informasjon på [nav.no/familie](https://nav.no/familie).
<br/>
<br/>
<br/>
Med vennlig hilsen
<br/>
NAV Familie- og Pensjonsytelser
<br/><br/>
Vedtaket har blitt automatisk saksbehandlet av vårt fagsystem. Vedtaksbrevet er derfor ikke underskrevet av saksbehandler.
</div>