<p align="right">
Dato: 4. april 2020
</p>
<br>
<br>
<br>




#  NAV har innvilget søknaden din om engangsstønad
<p style="color:gray">
Saksnummer i NAV: 123456789
<br/>
Navn: Dolly Duck
<br/>
Fødselsnummer: 300220 12345
<br/>

<br/>
</p>




Vi har behandlet saken din på nytt fordi beløpet på engangsstønad har økt. Vi vil utbetale det resterende beløpet på 1 580 kroner innen en uke.


Stønaden er skattefri, og du kan sjekke utbetalingen din på [nav.no/dittnav](https://nav.no/dittnav).


Vedtaket er gjort etter folketrygdloven § 14-17.



##### Du har rett til å klage
Du kan klage innen 6 uker fra den datoen du mottok vedtaket. Du finner skjema og informasjon på [nav.no/klage](https://nav.no/klage).



##### Du har rett til innsyn
På [nav.no/dittnav](https://nav.no/dittnav) kan du se dokumentene i saken din.



##### Har du spørsmål?
Du finner nyttig informasjon på [nav.no/familie](https://nav.no/familie).



<br/>
Med vennlig hilsen
<br/>
NAV Familie -og Pensjonsytelser
<br/><br/>Vedtaket har blitt automatisk saksbehandlet av vårt fagsystem. Vedtaksbrevet er derfor ikke underskrevet av saksbehandler.
<br/>**Dette er en kopi, orginal er sendt til verge**.



