<p align="right">
Dato: 4. april 2020
</p>
<br>
<br>
<br>

# Nav sender deg dokumentene i saken din
<p style="color:gray">
Saksnummer i Nav: 123456789
<br/>
Navn: Dolly Duck
<br/>
Fødselsnummer: 300220 12345
<br/>

</p>

Du har bedt om å få innsyn i saken din, men vi kan ikke sende deg alle dokumentene vi har.

Vi kan kun gi deg delvis innsyn fordi

Dette går fram av forvaltningsloven § 18.

<br/>

##### Du har rett til å klage
Du kan klage innen 6 uker fra den datoen du mottok vedtaket. Du finner skjema og informasjon på [nav.no/klage](https://nav.no/klage)

Retten til å klage på innsyn går fram av forvaltningsloven § 21.
<br/>
<br/>
##### Har du spørsmål?
Du finner mer informasjon på [nav.no/barn](https://nav.no/barn).

På [nav.no/kontakt](https://nav.no/kontakt) kan du chatte eller skrive til oss.

Hvis du ikke finner svar på nav.no kan du ringe oss på telefon 55 55 33 33, hverdager 09.00-15.00.
<br/>
<br/>
<br/>
Med vennlig hilsen
<br/>
Nav Familie- og pensjonsytelser

