<p align="right">
Dato: 4. april 2020
</p>
<br>
<br>
<br>

# NAV sender deg dokumenta i saka di
<p style="color:gray">
Saksnummer i NAV: 123456789
<br/>
Namn: Dolly Duck
<br/>
Fødselsnummer: 300220 12345
<br/>

</p>

Du har bedt om innsyn i saka di, og vi sender deg alle dokumenta vi har.

Dette går fram av forvaltningslova § 18.

Dersom du ikkje har fått all opplysningane du har bedt om, kan du kontakte oss.

<br/>

##### Du har rett til å klage
Du kan klage innan 6 veker frå den datoen du fekk brevet. Du finn skjema og informasjon på [nav.no/klage](https://nav.no/klage)

Retten til å klage på innsyn går fram av forvaltningslova § 21.
<br/>
<br/>
<br/>
##### Har du spørsmål?
Du finn nyttig informasjon på [nav.no/familie](https://nav.no/familie).
<br/>
<br/>
<br/>
Med vennleg helsing
<br/>
NAV Familie- og Pensjonsytelser

