<p align="right">
Dato: 4. mai 2021
</p>
<br>
<br>
<br>
# NAV Klageinstans har gjort om vedtaket ditt om tilbakebetaling av foreldrepengar
<p style="color:gray">
Saksnummer i NAV: 123456789
<br/>
Namn: Dolly Duck
<br/>
Fødselsnummer: 300220 12345
<br/>
</p>
Etter at du klaga, har vi vurdert saka di på nytt. Vi har kome fram til at vedtaket til NAV Familie- og pensjonsytelser må gjerast om.
##### Dette har vi lagt vekt på i vurderinga vår
FRITEKST
<br/>
##### Du må melde frå om endringar
Dersom det skjer endringar som kan få følgjer for stønaden du får betalt ut, må du melde frå til NAV med ein gong. Du finn meir informasjon på [nav.no/rettogplikt](https://nav.no/rettogplikt).
##### Skatt
Beløpet du skal betale tilbake, er redusert med den skatten som blei trekt då du fekk utbetalinga. NAV får skatten tilbake gjennom eit oppgjer med Skatteetaten.
NAV gjev opplysningar til Skatteetaten. Skatteetaten vil vurdere om det er grunnlag for å endre skatteoppgjer.
##### Korleis betale tilbake pengane du skuldar
NAV Innkrevjing vil korrigere beløpet du skal betale tilbake. Du finn meir informasjon på [nav.no/innkreving](https://nav.no/innkreving).
<br/>
##### Du har rett til å anke
Du kan anke vedtaket til Trygderetten. Fristen er 6 veker frå den datoen vedtaket kom fram til deg.
Klagerettane dine og skjema for klage/anke finn du på [nav.no/klage](https://nav.no/klage).
<br/>
##### Du har rett til innsyn
For å sjå dokumenta i saka di, logg inn på [foreldrepenger.nav.no](https://foreldrepenger.nav.no/).
<br/>
<br/>
<div style="break-inside: avoid; page-break-inside: avoid">
##### Har du spørsmål?
Du finn meir informasjon på [nav.no/barn](https://nav.no/barn).

På [nav.no/kontakt](https://nav.no/kontakt) kan du chatte eller skrive til oss.

Om du ikkje finn svar på nav.no, kan du ringe oss på telefon 55 55 33 33, kvardagar 09.00-15.00.
<br/>
<br/>
<br/>
Med vennleg helsing
<br/>
NAV Familie- og pensjonsytelser
</div>
