<table style="color:gray; width: 100%; border-collapse: collapse;"><tr>
        <td style="text-align: left; width: 150px">Navn:</td>
        <td style="text-align: left;">Dolly Duck</td>
        <td style="text-align: left;"></td> <!-- Empty column -->
        <td></td> <!-- Keeping alignment -->
    </tr><tr>
        <td style="text-align: left; width: 150px">Fødselsnummer:</td>
        <td style="text-align: left;">300220 12345</td>
        <td></td> <!-- Empty column -->
        <td></td> <!-- Keeping alignment -->
    </tr>
    <tr>
        <td style="text-align: left; width: 150px">Saksnummer:</td>
        <td style="text-align: left;">123456789</td>
        <td></td> <!-- Empty column -->
        <td style="text-align: right;">4. mai 2021</td>
    </tr>
</table>
# Nav har omgjort vedtaket ditt om svangerskapspenger
Etter at du klaget har vi vurdert saken din på nytt. Vi har kommet fram til at vedtaket ditt må gjøres om.
## Dette har vi lagt vekt på i vurderingen vår
FRITEKST
## Du må melde fra om endringer
Dersom det skjer endringer som kan ha betydning for stønaden du får utbetalt, må du straks melde fra til Nav. Du finner mer informasjon på [nav.no/rettogplikt](https://nav.no/rettogplikt).
## Du har rett til å klage
Du kan klage innen 6 uker fra den datoen du mottok vedtaket. Du finner skjema og informasjon på [nav.no/klage](https://nav.no/klage).
## Du har rett til innsyn
For å se dokumentene i saken din, logg inn på [foreldrepenger.nav.no](https://foreldrepenger.nav.no/).
<div style="break-inside: avoid; page-break-inside: avoid">
## Har du spørsmål?
Du finner mer informasjon på [nav.no/barn](https://nav.no/barn).
På [nav.no/kontakt](https://nav.no/kontakt) kan du chatte eller skrive til oss.
Hvis du ikke finner svar på nav.no kan du ringe oss på telefon 55 55 33 33, hverdager 09.00-15.00.
<br/>
<br/>
<br/>
Med vennlig hilsen
<br/>
Nav Familie- og pensjonsytelser
</div>
