<p align="right">
Dato: 4. mai 2021
</p>
<br>
<br>
<br>
#  NAV har endret foreldrepengene dine
<p style="color:gray">
Saksnummer i NAV: 123456789
<br/>
Navn: Dolly Duck
<br/>
Fødselsnummer: 300220 12345
<br/>
</p>
Du har valgt å ikke ta ut din tidligere innvilgede periode med foreldrepenger.
Du tar ikke ut foreldrepenger før 1. april 2022.
Søknaden din om foreldrepenger fra og med 1. april 2022 kan ikke behandles før 1. mars 2021 fordi foreldrepenger skal beregnes ut fra den inntekten du har når du starter uttaket ditt. Det må også vurderes om du har tjent opp rett til foreldrepenger når perioden din starter. Les mer om dette på [nav.no/foreldrepenger](https://nav.no/foreldrepenger).
Når det er 4 uker igjen til du skal ta ut foreldrepenger, må arbeidsgiveren din sende inn ny inntektsmelding.
Vedtaket er gjort etter folketrygdloven §§ 14-6, 14-7, 14-9, 14-10, 14-11 og 14-12.
##### Du har rett til å klage
Du kan klage innen 6 uker fra den datoen du mottok vedtaket. Du finner skjema og informasjon på [nav.no/klage](https://nav.no/klage).
<br/>
<br/>
##### Du har rett til innsyn
For å se dokumentene i saken din, logg inn på [nav.no](https://nav.no/).
<br/>
<br/>
<div style="break-inside: avoid; page-break-inside: avoid">
##### Har du spørsmål?
Du finner nyttig informasjon på [nav.no/familie](https://nav.no/familie).
<br/>
<br/>
<br/>
Med vennlig hilsen
<br/>
NAV Familie- og pensjonsytelser
<br/><br/>
Vedtaket har blitt automatisk saksbehandlet av vårt fagsystem. Vedtaksbrevet er derfor ikke underskrevet av saksbehandler.
</div>
