# Kvittering på søknad om foreldrepenger
Mottatt: 03.12.2011 10:15
## Opplysninger om søker
Navn: Per Sykelig Oppblåst</br>
Fødselsnummer: 987654321</br>
Hva søker du som: Mor
<div class="no-page-break">
## Opplysninger om barnet eller barna
<ul>
    <li></li>
    <li>Termindato: 08.09.2025</li>
    <li>Terminbekreftelse er datert: 08.08.2025</li>
    <li></li>
    <li></li>
    <li></li>
    <li></li>
    <li></li>
    <li></li>
    <li>Antall barn: 1</li>
</ul>
</div>
<div class="no-page-break">
## Informasjon om opphold i utlandet
<ul>
<li>De siste 12 månedene bodde du i Norge</li>
<li>De neste 12 månedene skal du bo i Norge</li>
</ul>
</div>
<div class="no-page-break">
## Mine arbeidsforhold
Opplysningene er hentet fra Arbeidsgiver- og arbeidstakerregisteret (AA-registeret). Disse ble vist i søknaden. Nav sjekker AA-registeret igjen når arbeidsgiver kan sende inntektsmeldingen.
### NAV Familie og Pensjonsytelser Oslo (123456789)
<ul>
    <li>Periode: 11.01.2024 – Pågående</li>
    <li>Stillingsprosent: 44 %</li>
</ul>
### Kåre og Anne-Ma&#x27;s snekker og dryss AS (12312312)
<ul>
    <li>Periode: 01.02.2025 – 07.03.2025</li>
    <li>Stillingsprosent: 13 %</li>
</ul>
</div>
<div class="no-page-break">
## Andre inntektskilder
<ul>
    <li>Har du jobbet og hatt inntekt som frilanser de siste 10 månedene? <strong>Ja</strong></li>
    <li>Har du jobbet og hatt inntekt som selvstendig næringsdrivende de siste 10 månedene? <strong>Ja</strong></li>
    <li>Har du hatt andre inntektskilder de siste 10 månedene? <strong>Ja</strong></li>
</ul>
</div>
<div class="no-page-break">
## Informasjon om frilansoppdrag
<ul>
    <li>Startet som frilanser: 01.09.2025</li>
    <li>Jobber fortsatt som frilanser: <strong>Ja</strong></li>
</ul>
</div>
<div class="no-page-break">
## Egen næringsvirksomhet
<ul>
    <li></li>
    <li></li>
    <li>Registrert i land: Sverige</li>
    <li>Virksomhetstype: Fisker</li>
    <li>Du startet som selvstendig næringsdrivende 01.10.2025 og sluttet 31.10.2025.</li><li>Varig endring i virksomheten eller arbeidssituasjonen min de siste fire årene: <strong>Nei</strong></li>
    <li>Næringsinntekt: 329000</li><li>Virksomheten ble startet: 01.11.2023</li>
    <li>Har du begynt å jobbe i løpet av de tre siste ferdigliknede årene: <strong>Ja</strong></li>
</ul>
</div>
<div class="no-page-break">
## Andre inntekter siste 10 måneder
<strong>Etterlønn sluttpakke</strong>
<ul>
    <li></li>
    <li>Periode: 01.10.2025 – 01.11.2025</li>
    <li></li>
</ul>
</div>
<div class="no-page-break">
## Informasjon om annen forelder
<ul>
    <li>Navn: Fornavn annenforelder Etternavn annenforelder</li>
    <li>Fødselsnummer: 04479417895</li>
    <li></li>
    <li></li><li>Er dere sammen om omsorgen for barnet: <strong>Ja</strong></li>
    <li>Har den andre forelderen rett til foreldrepenger i Norge: <strong>Ja</strong></li>
    <li></li>
    <li></li>
    <li></li>
    <li>Har orientert den andre forelderen om søknaden: <strong>Ja</strong></li></ul>
</div>
<div class="no-page-break">
## Din plan
Du har søkt om endring fra og med 01.09.2025. Planen viser kun endringene du har søkt og ikke det du er innvilget tidligere.
</div>
<div class="no-page-break">
<strong>Utsettelse 01.09.2025 - 19.09.2025</strong>
<ul style="margin-top: -10px;">
    <!-- Uttaksperiode spesifikke attributter -->
    <li></li>
    <li>Mors aktivitet i perioden: Arbeid</li>
    <li></li>
    <li></li>
    <li></li><!-- Overføring -->
    <li></li>
    <!-- Opphold -->
    <li></li>
    <!-- Utsettelse -->
    <li></li>
    <li></li>
</ul>
</div>
<div class="no-page-break">
<strong>Periode uten uttak 01.09.2025 - 19.09.2025</strong>
<ul style="margin-top: -10px;">
    <!-- Uttaksperiode spesifikke attributter -->
    <li></li>
    <li></li>
    <li></li>
    <li></li>
    <li></li><!-- Overføring -->
    <li></li>
    <!-- Opphold -->
    <li></li>
    <!-- Utsettelse -->
    <li></li>
    <li></li>
</ul>
</div>
<div class="no-page-break">
<strong>Fedrekvote 15.09.2025 - 26.09.2025 (10 virkedager)</strong>
<ul style="margin-top: -10px;">
    <!-- Uttaksperiode spesifikke attributter -->
    <li></li>
    <li></li>
    <li>Skal annen forelder ha foreldrepenger i samme periode: <strong>Nei</strong></li>
    <li>Din prosent med foreldrepenger: 100</li>
    <li>Skal bruke flerbarnsdager: <strong>Nei</strong></li><!-- Overføring -->
    <li></li>
    <!-- Opphold -->
    <li></li>
    <!-- Utsettelse -->
    <li></li>
    <li></li>
</ul>
</div>
<div class="no-page-break">
<strong>Fellesperiode 15.09.2025 - 26.09.2025 (10 virkedager)</strong>
<ul style="margin-top: -10px;">
    <!-- Uttaksperiode spesifikke attributter -->
    <li>Hvilken del av foreldrepengene tas ut: Fellesperiode med aktivitetskrav</li>
    <li>Mors aktivitet i perioden: Arbeid</li>
    <li></li>
    <li></li>
    <li></li><!-- Overføring -->
    <li></li>
    <!-- Opphold -->
    <li></li>
    <!-- Utsettelse -->
    <li></li>
    <li></li>
</ul>
</div>
<div class="no-page-break">
<strong>Fellesperiode 15.09.2025 - 26.09.2025 (10 virkedager)</strong>
<ul style="margin-top: -10px;">
    <!-- Uttaksperiode spesifikke attributter -->
    <li></li>
    <li></li>
    <li></li>
    <li></li>
    <li></li><!-- Overføring -->
    <li></li>
    <!-- Opphold -->
    <li></li>
    <!-- Utsettelse -->
    <li></li>
    <li></li>
</ul>
</div>
<div class="no-page-break">
<strong>Fellesperiode 26.09.2025 - 15.01.2026 (80 virkedager)</strong>
<ul style="margin-top: -10px;">
    <!-- Uttaksperiode spesifikke attributter -->
    <li>Hvilken del av foreldrepengene tas ut: Fellesperiode med aktivitetskrav</li>
    <li>Mors aktivitet i perioden: Arbeid</li>
    <li></li>
    <li></li>
    <li></li> <!-- Gradering -->
    <li>Skal kombinere foreldrepengene med delvis arbeid: <strong>Ja</strong></li>
    <li>Hvor skal du jobbe: Kåre og Anne-Ma&#x27;s snekker og dryss AS (12312312)</li><!-- TODO: Alltid orgnumre.[0] også.. -->
    <li></li>
    <li></li>
    <li>Oppgitt prosent i arbeid: 50</li>
<!-- Overføring -->
    <li></li>
    <!-- Opphold -->
    <li></li>
    <!-- Utsettelse -->
    <li></li>
    <li></li>
</ul>
</div>
<div class="no-page-break">
<strong>Foreldrepenger før fødsel 20.03.2026 - 15.10.2026 (150 virkedager)</strong>
<ul style="margin-top: -10px;">
    <!-- Uttaksperiode spesifikke attributter -->
    <li></li>
    <li></li>
    <li></li>
    <li></li>
    <li></li> <!-- Gradering -->
    <li>Skal kombinere foreldrepengene med delvis arbeid: <strong>Ja</strong></li>
    <li>Hvor skal du jobbe: (987654321)</li><!-- TODO: Alltid orgnumre.[0] også.. -->
    <li></li>
    <li></li>
    <li>Oppgitt prosent i arbeid: 50</li>
<!-- Overføring -->
    <li></li>
    <!-- Opphold -->
    <li></li>
    <!-- Utsettelse -->
    <li></li>
    <li></li>
</ul>
</div>
