<p align="right">
Dato: 4. april 2020
</p>
<br>
<br>
<br>
# Vi treng opplysningar frå arbeidsgivaren din
<p style="color:gray">
Saksnummer i NAV: 123456789
<br/>
Namn: Dolly Duck
<br/>
Fødselsnummer: 300220 12345
<br/>
</p>
Vi fekk søknaden din om foreldrepengar 1. april 2020, men manglar opplysningar for å kunne behandle han. Du må be arbeidsgivarane dine sende inntektsmelding til NAV.
Dersom arbeidsgivar allereie har sendt inntektsmelding, kan du sjå bort frå denne førespurnaden.
Vi kan ikkje behandle søknaden din om foreldrepengar før vi har fått inntektsmeldinga frå arbeidsgivarane dine.
Frist for å sende inn er 20. mai 2020.
<br/>
##### Du har rett til innsyn
For å sjå dokumenta i saka di, logg inn på [nav.no](https://nav.no/).
<br/>
<br/>
<div style="break-inside: avoid; page-break-inside: avoid">
##### Har du spørsmål?
Du finn meir informasjon på [nav.no/barn](https://nav.no/barn).

På [nav.no/kontakt](https://nav.no/kontakt) kan du chatte eller skrive til oss.

Om du ikkje finn svar på nav.no, kan du ringe oss på telefon 55 55 33 33, kvardagar 09.00-15.00.
<br/>
<br/>
<br/>
Med vennleg helsing
<br/>
NAV Familie- og pensjonsytelser
</div>
