<p align="right">
Dato: 4. april 2020
</p>
<br>
<br>
<br>
# Vi treng opplysningar frå arbeidsgivaren din
<p style="color:gray">
Saksnummer i NAV: 123456789
<br/>
Namn: Dolly Duck
<br/>
Fødselsnummer: 300220 12345
<br/>
</p>
Vi fekk søknaden din om svangerskapspengar 1. april 2020, men manglar opplysningar for å kunne behandle han. Du må be arbeidsgivarane dine sende inntektsmelding til NAV.
Dersom arbeidsgivar allereie har sendt inntektsmelding, kan du sjå bort frå denne førespurnaden.
Vi kan ikkje behandle søknaden din om svangerskapspengar før vi har fått inntektsmeldinga frå arbeidsgivarane dine.
Frist for å sende inn er 20. mai 2020.
<br/>
##### Du har rett til innsyn
For å sjå dokumenta i saka di, logg inn på [nav.no](https://nav.no/).
<br/>
<br/>
<div style="break-inside: avoid; page-break-inside: avoid">
##### Har du spørsmål?
Du finn nyttig informasjon på [nav.no/familie](https://nav.no/familie).
<br/>
<br/>
<br/>
Med vennleg helsing
<br/>
NAV Familie- og pensjonsytelser
</div>
