<p align="right">
Dato: 4. april 2020
</p>
<br>
<br>
<br>


# NAV vurderer retten din til foreldrepengar på nytt

<p style="color:gray">
Saksnummer i NAV: 123456789
<br/>
Namn: Dolly Duck
<br/>
Fødselsnummer: 300220 12345
<br/>

</p>













Vi har fått opplysningar om at mor til barna ikkje lenger jobbar. Derfor vurderer vi å stanse foreldrepengene dine.

Du kan ha rett til foreldrepengar dersom mor:
<ul>
    <li>begynner å jobbe igjen</li>
    <li>studer på heiltid</li>
    <li>tek del i kvalifiseringsprogrammet</li>
    <li>tek del i introduksjonsprogrammet</li>
    <li>er innlagd i helseinstitusjon</li>
    <li>er heilt avhengig av hjelp til å ta seg av barna</li>
</ul>





Har du fleire opplysningar eller ønskjer du å uttale deg, må du gjere dette innan 24. mai 2020.

Du sender uttalen din ved å logge deg inn på [nav.no/dittnav](https://nav.no/dittnav) og velje «Send beskjed til NAV». Opplysningar sender du inn på [nav.no/ettersendelser](https://nav.no/ettersendelser).



Opplysningsplikta går fram av folketrygdlova §§ 21-3 og 21-4.
<br/>
<br/>

**Vedtaket ditt om foreldrepengar kan bli gjort om**
<br/>
Vi vil vurdere saka di på nytt når fristen er gått ut. Dersom du ikkje har hatt rett til foreldrepengar, kan du bli nøydd til å betale tilbake pengane.

Du sender dokumentasjonen til oss på [nav.no/ettersendelser](https://nav.no/ettersendelser).
<br/>
<br/>
**Du har rett til innsyn**<br/>
På [nav.no/dittnav](https://nav.no/dittnav) kan du sjå dokumenta i saka di.
<br/>
<br/>
<br/>
**Har du spørsmål?**<br/>
Du finn nyttig informasjon på [nav.no/familie](https://nav.no/familie).
<br/>
<br/>
<br/>
Med vennleg helsing
<br/>
NAV Familie -og Pensjonsytelser<br/><br/>




