<table style="color:gray; width: 100%; border-collapse: collapse;"><tr>
        <td style="text-align: left; width: 150px">Name:</td>
        <td style="text-align: left;">Dolly Duck</td>
        <td style="text-align: left;"></td> <!-- Empty column -->
        <td></td> <!-- Keeping alignment -->
    </tr><tr>
        <td style="text-align: left; width: 150px">National identity number:</td>
        <td style="text-align: left;">300220 12345</td>
        <td></td> <!-- Empty column -->
        <td></td> <!-- Keeping alignment -->
    </tr>
    <tr>
        <td style="text-align: left; width: 150px">Nav's case number:</td>
        <td style="text-align: left;">123456789</td>
        <td></td> <!-- Empty column -->
        <td style="text-align: right;">4. april 2020</td>
    </tr>
</table>
<br>
<br>
<br>
# Nav considers reprocessing your case regarding entitlement to a lump-sum grant
We have received new information that may influence the decision on your entitlement to the lump-sum grant.
<p style="white-space: pre-wrap">FRITEKST LINJE 1
FRITEKST LINJE 2</p>
Your duty to give information is according to sections 21‑3 og 21‑4 of the National Insurance Act.
## The decision about your lump-sum grant can be reversed
We will consider your case again after the deadline has been reached. If you are not entitled to the lump-sum grant, you can be asked to repay the money back.
You can send us information at [nav.no/ettersendelser](https://nav.no/ettersendelser).
## You have right of access
Log into [foreldrepenger.nav.no](https://foreldrepenger.nav.no/) to see the documents in your case.
<div style="break-inside: avoid; page-break-inside: avoid">
## Do you have questions?
You can find more information at [nav.no/barn](https://nav.no/barn).
You can chat or write to us at [nav.no/contact](https://nav.no/contact).
If you do not find the answer at nav.no, you can call us at: 55 55 33 33, weekdays 09:00-15:00.
<br/>
<br/>
<br/>
Yours sincerely,
<br/>
Nav Familie- og pensjonsytelser
</div>
