<p align="right">
Dato: 4. mai 2021
</p>
<br>
<br>
<br>
# NAV skal behandle søknaden din om engangsstønad på nytt
<p style="color:gray">
Saksnummer i NAV: 123456789
<br/>
Navn: Dolly Duck
<br/>
Fødselsnummer: 300220 12345
<br/>
</p>
Vi kan ikke vurdere om du har rett til engangsstønad fordi vi mangler opplysninger. Derfor har vi sendt saken din tilbake til NAV Familie- og pensjonsytelser. De skal behandle saken på nytt.
Informasjon om saksbehandlingstid finner du på nav.no.
##### Dette har vi lagt vekt på i vurderingen vår
FRITEKST
<br/>
Du kan ikke klage på denne beslutningen. Dette følger av forvaltningsloven §§ 2 og 28.
Har du nye opplysninger eller ønsker å uttale deg, kan du sende dette via [nav.no/ettersendelser](https://nav.no/ettersendelser) innen 14. juni 2021.
<br/>
##### Du har rett til innsyn
For å se dokumentene i saken din, logg inn på [foreldrepenger.nav.no](https://foreldrepenger.nav.no/).
<br/>
<br/>
<div style="break-inside: avoid; page-break-inside: avoid">
##### Har du spørsmål?
Du finner mer informasjon på [nav.no/barn](https://nav.no/barn).

På [nav.no/kontakt](https://nav.no/kontakt) kan du chatte eller skrive til oss.

Hvis du ikke finner svar på nav.no kan du ringe oss på telefon 55 55 33 33, hverdager 09.00-15.00.
<br/>
<br/>
<br/>
Med vennlig hilsen
<br/>
NAV Klageinstans
</div>
