<p align="right">
Dato: 18. mars 2022
</p>
<br>
<br>
<br>
<br/>
<br/>
# NAV har innvilget søknaden din om 100 prosent foreldrepenger
<p style="color:gray">
Saksnummer i NAV: 152001008
<br/>
Navn: SØKER NAVN
<br/>
Fødselsnummer: 111111 11111
<br/>
</p>
<p class="draft_text">UTKAST</p>
Du får 2 455 kroner per dag før skatt fra og med 30. mars 2022. Dette er i gjennomsnitt 53 191 kroner i måneden. Den siste dagen du får foreldrepenger er 20. september 2022.
Foreldrepengene blir utbetalt for alle dager, unntatt lørdag og søndag. Fordi det ikke er like mange dager i hver måned, vil de månedlige utbetalingene dine variere.
Pengene er på kontoen din innen den 25. hver måned. Sjekk utbetalingene dine på [nav.no/utbetalinger](https://nav.no/utbetalinger).
Den andre forelderen har ikke rett til foreldrepenger. Derfor får du hele foreldrepengeperioden.
Det er 75 dager igjen av perioden med foreldrepenger. Disse dagene må være tatt ut innen barnet fyller tre år, eller innen en ny foreldrepengeperiode for et nytt barn starter.
Vedtaket er gjort etter folketrygdloven §§ 14-13 og 14-14.
<br/>
##### Inntekt vi har brukt i beregningen
Inntekten din hos BEDRIFT AS er 60 000 kroner i måneden. Arbeidsgiveren din har gitt oss disse opplysningene.
Dette er gjennomsnittet av inntekten din fra de siste tre månedene. Hvis du nettopp har begynt å arbeide, byttet arbeidsforhold eller lønnen din har endret seg, har vi brukt månedsinntektene etter at endringen skjedde.
Foreldrepengene dine er fastsatt til 638 394 kroner i året, som er seks ganger grunnbeløpet i folketrygden. Du tjener mer enn dette, men du får ikke foreldrepenger for den delen av inntekten som overstiger seks ganger grunnbeløpet.
Beregningen er gjort etter folketrygdloven §§ 14-7 og 8-30.
<br/>
##### Du må melde fra om endringer
Dersom det skjer endringer som kan ha betydning for stønaden du får utbetalt, må du straks melde fra til NAV. Du finner mer informasjon på [nav.no/rettogplikt](https://nav.no/rettogplikt).
<br/>
<br/>
##### Du har rett til å klage
Du kan klage innen 6 uker fra den datoen du mottok vedtaket. Du finner skjema og informasjon på [nav.no/klage](https://nav.no/klage).
<br/>
<br/>
##### Du har rett til innsyn
For å se dokumentene i saken din, logg inn på [nav.no](https://nav.no/).
<br/>
<br/>
<div style="break-inside: avoid; page-break-inside: avoid">
##### Har du spørsmål?
Du finner mer informasjon på [nav.no/barn](https://nav.no/barn).

På [nav.no/kontakt](https://nav.no/kontakt) kan du chatte eller skrive til oss.

Hvis du ikke finner svar på nav.no kan du ringe oss på telefon 55 55 33 33, hverdager 09.00-15.00.
<br/>
<br/>
<br/>
Med vennlig hilsen
<br/>
NAV Familie- og pensjonsytelser
</div>
