<table style="color:gray; width: 100%; border-collapse: collapse;"><tr>
        <td style="text-align: left; width: 150px">Name:</td>
        <td style="text-align: left;">Herman Duck</td>
        <td style="text-align: left;"></td> <!-- Empty column -->
        <td></td> <!-- Keeping alignment -->
    </tr><tr>
        <td style="text-align: left; width: 150px">National identity number:</td>
        <td style="text-align: left;">300220 12345</td>
        <td></td> <!-- Empty column -->
        <td></td> <!-- Keeping alignment -->
    </tr>
    <tr>
        <td style="text-align: left; width: 150px">Nav's case number:</td>
        <td style="text-align: left;">123456789</td>
        <td></td> <!-- Empty column -->
        <td style="text-align: right;">4. mai 2021</td>
    </tr>
</table>
<br>
<br>
<br>
# Nav has approved your application for 100 per cent parental benefit
You will receive 1 618 kroner per day before taxes starting from 4. juni 2022. This is 35 056 kroner on average per month. The last day you will receive parental benefit is 4. november 2022.
Your employers pays pays you wages while you are on leave. The remainder of the parental benefit will be paid by Nav within the 25th of each month. Check your payments at [nav.no/utbetalinger](https://nav.no/utbetalinger).
## We have granted the following
* You will receive 20 per cent parental benefit from 24. februar 2021 up to and including 26. mars 2021 because you are working 80 per cent at ARBEIDSGIVER 1. In this period you will receive 1 618 kroner per day before taxes.
* You will receive parental benefit from 29. mars 2021 up to and including 05. mai 2020. During this period, you will receive 1 939 kroner per day before taxes.
* You will receive 20 per cent parental benefit from 06. april 2021 up to and including 06. juni 2021 because you are working 80 per cent at ARBEIDSGIVER 1. In this period you will receive 1 618 kroner per day before taxes.
* You will receive 20 per cent parental benefit from 09. juni 2021 up to and including 18. juni 2021 because you are working 80 per cent at ARBEIDSGIVER 1. In this period you will receive 80 kroner per day before taxes.
* You will receive parental benefit from 21. juni 2021 up to and including 10. august 2021. During this period, you will receive 401 kroner per day before taxes.
* You will receive 20 per cent parental benefit from 18. august 2021 up to and including 05. desember 2021 because you are working 80 per cent at ARBEIDSGIVER 1. In this period you will receive 80 kroner per day before taxes.
When you combine work and parental benefit, you will receive full parental benefit for the position where you are not working.
There are 0 days left of your quota and 10 days left that you both can take. These days must be used before the child reaches the age of three or before a new period of parental benefit starts for a new child.
## You have more than one employer
You are working for several employers during the same period. It is only possible to combine parental benefit with work at one employer at a time. This means that it is only your period at ARBEIDSGIVER 1 that will be extended.
## We have denied the following
You are not entitled to parental benefit from 06. desember 2021 up to and including 07. desember 2021 because there are no more days left of the parental benefit period.
The decision has been made in accordance with the National Insurance Act §§ 14-9, 14-12 og 14-16.
## Income we have used in the calculation
We have used the income figure of 504 360 kroner a year before taxes to calculate your parental benefit.
Your income at ARBEIDSGIVER 1 is 8 697 kroner per month.
Your income at ARBEIDSGIVER 2 is 33 333 kroner per month.
Your employers have provided us with this information.
This is the average of your income from the last three months before the start of the parental benefit period. If you have just started working, changed your employment situation or your pay has changed, we have used your monthly income after the change took place.
The calculation has been made in accordance with the National Insurance Act Sections §§ 14-7 og 8-30.
## You must notify any changes
You must notify Nav immediately of any changes that might affect benefits you receive. See [nav.no/rettogplikt](https://nav.no/rettogplikt) for more detailed information.
## You have the right to appeal
You may appeal within 6 weeks from the date you received the decision. You will find the relevant form and information at [nav.no/klage](https://nav.no/klage).
## You have right of access
Log into [foreldrepenger.nav.no](https://foreldrepenger.nav.no/) to see the documents in your case.
<div style="break-inside: avoid; page-break-inside: avoid">
## Do you have questions?
You can find more information at [nav.no/barn](https://nav.no/barn).
You can chat or write to us at [nav.no/contact](https://nav.no/contact).
If you do not find the answer at nav.no, you can call us at: 55 55 33 33, weekdays 09:00-15:00.
<br/>
<br/>
<br/>
Yours sincerely,
<br/>
Nav Familie- og pensjonsytelser
<br/><br/>
This case has been electronically processed by our administration system, which means that this letter has not been signed by a case worker.
</div>
