<table style="color:gray; width: 100%; border-collapse: collapse;"><tr>
        <td style="text-align: left; width: 150px">Navn:</td>
        <td style="text-align: left;">Dolly Duck</td>
        <td style="text-align: left;"></td> <!-- Empty column -->
        <td></td> <!-- Keeping alignment -->
    </tr><tr>
        <td style="text-align: left; width: 150px">Fødselsnummer:</td>
        <td style="text-align: left;">300220 12345</td>
        <td></td> <!-- Empty column -->
        <td></td> <!-- Keeping alignment -->
    </tr>
    <tr>
        <td style="text-align: left; width: 150px">Saksnummer:</td>
        <td style="text-align: left;">123456789</td>
        <td></td> <!-- Empty column -->
        <td style="text-align: right;">4. mai 2021</td>
    </tr>
</table>
<br>
<br>
<br>
# Nav har innvilget søknaden din om svangerskapspenger
Vi utbetaler svangerskapspengene til arbeidsgiverne dine fordi du får lønn mens du er borte fra jobb.
## I disse periodene får du svangerskapspenger
Arbeidsgiver 1 AS:
* Fra og med 1. juli 2021 til og med 12. juli 2021 får du 50 prosent svangerskapspenger fordi du jobber delvis. Du får utbetalt 500 kroner per dag før skatt. Av dette blir 200 kroner per dag betalt direkte til deg.
Arbeidsgiver 2 AS:
* Fra og med 20. juli 2021 til og med 31. juli 2021 får du 100 prosent svangerskapspenger. Du får utbetalt 1 000 kroner per dag før skatt. Av dette blir 600 kroner per dag betalt direkte til deg.
Vedtaket er gjort etter folketrygdloven § 14-4.
## Du må melde fra om endringer
Dersom det skjer endringer som kan ha betydning for stønaden du får utbetalt, må du straks melde fra til Nav. Du finner mer informasjon på [nav.no/rettogplikt](https://nav.no/rettogplikt).
## Du har rett til å klage
Du kan klage innen 6 uker fra den datoen du mottok vedtaket. Du finner skjema og informasjon på [nav.no/klage](https://nav.no/klage).
## Du har rett til innsyn
For å se dokumentene i saken din, logg inn på [foreldrepenger.nav.no](https://foreldrepenger.nav.no/).
<div style="break-inside: avoid; page-break-inside: avoid">
## Har du spørsmål?
Du finner mer informasjon på [nav.no/barn](https://nav.no/barn).
På [nav.no/kontakt](https://nav.no/kontakt) kan du chatte eller skrive til oss.
Hvis du ikke finner svar på nav.no kan du ringe oss på telefon 55 55 33 33, hverdager 09.00-15.00.
<br/>
<br/>
<br/>
Med vennlig hilsen
<br/>
Nav Familie- og pensjonsytelser
</div>
