<p align="right">
Dato: 4. mai 2021
</p>
<br>
<br>
<br>
# NAV har innvilget søknaden din om svangerskapspenger
<p style="color:gray">
Saksnummer i NAV: 123456789
<br/>
Navn: Dolly Duck
<br/>
Fødselsnummer: 300220 12345
<br/>
</p>
Du får i gjennomsnitt 15 000 kroner i måneden før skatt.
Vi utbetaler svangerskapspengene til arbeidsgiverne dine fordi du får lønn mens du er borte fra jobb.
##### I disse periodene får du svangerskapspenger
Arbeidsgiver 1 AS:
* Fra og med 1. juli 2021 til og med 12. juli 2021 får du 50 prosent svangerskapspenger fordi du jobber delvis.
* Fra og med 15. juli 2021 til og med 19. juli 2021 får du 50 prosent svangerskapspenger fordi du jobber delvis.
Arbeidsgiver 2 AS:
* Fra og med 20. juli 2021 til og med 31. juli 2021 får du 100 prosent svangerskapspenger.
##### Dette får du utbetalt i periodene
* Fra og med 1. juli 2021 til og med 12. juli 2021 får du 500 kroner per dag før skatt. Av dette blir 200 kroner per dag betalt direkte til deg.
* Fra og med 15. juli 2021 til og med 19. juli 2021 får du 700 kroner per dag før skatt.
* Fra og med 20. juli 2021 til og med 31. juli 2021 får du 1 000 kroner per dag før skatt. Av dette blir 600 kroner per dag betalt direkte til deg.
* Du har ikke rett til svangerskapspenger hos Arbeidsgiver 3 AS fordi du kan gjøre arbeidsoppgavene uten at det er fare for å skade barnet eller barna du venter frem til tre uker før termin.
* Du har ikke rett til svangerskapspenger som frilanser fordi du kan gjøre arbeidsoppgavene uten at det er fare for å skade barnet eller barna du venter.
* Du har ikke rett til svangerskapspenger som selvstendig næringsdrivende fordi du kan gjøre arbeidsoppgavene uten at det er fare for å skade barnet eller barna du venter.
* Du har ikke rett til svangerskapspenger fordi det er mindre enn tre uker til du har termin.
  Du kan ha rett til foreldrepenger eller engangsstønad. Se [nav.no/foreldrepenger](https://nav.no/foreldrepenger) for mer informasjon og hvordan du kan søke.
##### I disse periodene får du ikke svangerskapspenger
* Fra og med 1. mai 2021 til og med 12. mai 2021 har du ikke rett til svangerskapspenger fordi du har søkt for sent. Du må søke senest tre måneder etter at perioden med svangerskapspenger har startet. Du søkte 1. juli 2021.
* Fra og med 15. juni 2021 til og med 25. juni 2021 får du ikke svangerskapspenger fordi du har ferie.
Vedtaket er gjort etter folketrygdloven § 14-4.
##### Inntekt vi har brukt i beregningen
Vi har brukt 789 000 kroner i året før skatt i beregningen av svangerskapspengene dine.
<!-- AT -->
Inntekten din hos Arbeidsgiver 1 AS er 15 003 kroner i måneden.
Inntekten din hos Arbeidsgiver 2 AS er 10 200 kroner i måneden.
Inntekten din hos Arbeidsgiver 3 AS er 2 025 kroner i måneden.
Arbeidsgiverne dine har gitt oss disse opplysningene.
Dette er gjennomsnittet av inntekten din fra de siste tre månedene. Hvis du nettopp har begynt å arbeide, byttet arbeidsforhold eller lønnen din har endret seg, har vi brukt månedsinntektene etter at endringen skjedde.
<!-- FL -->
Inntekten din som frilanser er 1 000 kroner i måneden. Oppdragsgiveren eller oppdragsgiverne dine har gitt oss disse opplysningene.
Dette er gjennomsnittet av inntekten du har hatt som arbeidstaker og frilanser de siste tre månedene. Hvis du nettopp har begynt å arbeide, byttet arbeidsforhold eller lønnen din har endret seg, har vi brukt månedsinntektene etter at endringen skjedde.
<!-- SN -->
Næringsinntekten din er fastsatt til 40 000 kroner i året. Når vi beregner svangerskapspenger ut fra næringsinntekten din, bruker vi gjennomsnittet av de siste tre årene vi har fått oppgitt av Skatteetaten. Hvis du nettopp har begynt å arbeide, bruker vi inntekten vi har fått opplyst for det siste året. Dette gjennomsnittet kan også inneholde arbeidsinntekten din og inntekten din som frilanser. De er trukket fra i beregningen av næringsinntekten.
Arbeidsinntekten og inntekten din som frilanser er høyere enn gjennomsnittet av arbeidsinntekten, frilansinntekten og næringsinntekten. Derfor får du svangerskapspenger fra arbeidsinntekten og inntekten som frilanser.
<!-- SN + AT -->
<!-- SN + FL -->
Fra og med 1. juli 2021 får du 1 100 kroner per dag før skatt fordi du får naturalytelsen din fra Arbeidsgiver 1 AS.
Fra og med 12. juli 2021 får du 1 000 kroner per dag før skatt fordi du mister naturalytelsen din fra Arbeidsgiver 2 AS.
Vi har fastsatt svangerskapspengene dine til to ganger grunnbeløpet fordi du har vært i militæret eller sivilforsvaret.
Svangerskapspengene dine er fastsatt til 600 000 kroner i året, som er seks ganger grunnbeløpet i folketrygden. Du tjener mer enn dette, men du får ikke svangerskapspenger for den delen av inntekten som overstiger seks ganger grunnbeløpet.
Beregningen er gjort etter folketrygdloven § 14-4.
<br/>
##### Du må melde fra om endringer
Dersom det skjer endringer som kan ha betydning for stønaden du får utbetalt, må du straks melde fra til NAV. Du finner mer informasjon på [nav.no/rettogplikt](https://nav.no/rettogplikt).
<br/>
<br/>
##### Du har rett til å klage
Du kan klage innen 6 uker fra den datoen du mottok vedtaket. Du finner skjema og informasjon på [nav.no/klage](https://nav.no/klage).
<br/>
<br/>
##### Du har rett til innsyn
På [nav.no/dittnav](https://nav.no/dittnav) kan du se dokumentene i saken din.
<br/>
<br/>
<div style="break-inside: avoid; page-break-inside: avoid">
##### Har du spørsmål?
Du finner nyttig informasjon på [nav.no/familie](https://nav.no/familie).
<br/>
<br/>
<br/>
Med vennlig hilsen
<br/>
NAV Familie- og pensjonsytelser
</div>
