<br/>

**Inntekt vi har brukt i beregningen**<br/>


Vi har brukt 390 000 kroner i året før skatt i beregningen av foreldrepengene dine.





Vi har beregnet foreldrepengene dine ut fra en inntekt på 32 500 kroner i måneden før skatt. Dette er gjennomsnittet av inntekten du har fått fra NAV de siste tre månedene.

