<p align="right">
Dato: 4. mai 2021
</p>
<br>
<br>
<br>
# Du har ikke lenger rett til foreldrepenger
<p style="color:gray">
Saksnummer i NAV: 123456789
<br/>
Navn: Dolly Duck
<br/>
Fødselsnummer: 300220 12345
<br/>
</p>
##### Dette har vi avslått
Du hadde ikke arbeidsinntekt eller inntekt som var likestilt med lønn i seks av de siste ti månedene før perioden med foreldrepenger startet. Derfor har du ikke rett til foreldrepenger.
Du hadde ikke rett til foreldrepenger, fordi inntekten din var lavere enn 50000 kroner i året før skatt.
Du hadde ikke rett til foreldrepenger fordi barna dine var fylt 15 år da du overtok omsorgen.
Du hadde ikke rett til foreldrepenger fordi barna dine var fylt 15 år da du overtok omsorgen.
Du hadde ikke rett til foreldrepenger fordi vi ikke har opplysninger om at barna er født.
Du hadde ikke rett til foreldrepenger fordi du adopterte barna til ektefellen eller samboeren din etter at foreldrepengeperioden var avsluttet.
Du hadde ikke rett til foreldrepenger fordi du ikke var registrert som medmor til barna.
Du hadde ikke rett til foreldrepenger fordi du ikke var registrert som medmor til barna.
Du har ikke rett til foreldrepenger fra 24. mai 2021 fordi du ikke lenger har omsorgen for barna.
Du har ikke rett til foreldrepenger fra 24. mai 2021 fordi du ikke lenger har omsorgen for barna.
Du hadde ikke rett til foreldrepenger fordi du hadde samvær med barna minst en dag i uken og annenhver helg.
Du hadde ikke rett til foreldrepenger fordi du ikke hadde foreldreansvar for barna dine.
Du har ikke rett til foreldrepenger fra 24. mai 2021 fordi du ikke lenger er medlem i folketrygden.
Du var omfattet av trygdeordningen i et annet land.
Du har ikke rett til foreldrepenger fra 24. mai 2021 fordi du ikke lenger er medlem i folketrygden.
Ifølge folkeregisteret hadde du flyttet fra Norge.
Du har ikke rett til foreldrepenger fra 24. mai 2021 fordi du ikke lenger er medlem i folketrygden.
Du hadde ikke oppholdstillatelse i Norge.
Du hadde ikke rett til foreldrepenger fordi du ikke var medlem i folketrygden på det tidspunktet barna dine ble født.
Vi har ikke opplysninger om at du jobbet eller hadde familie som forsørget deg i Norge. Det var derfor ikke dokumentert at du hadde rett til opphold etter EØS-avtalen.
Du har ikke rett til foreldrepenger fra 24. mai 2021 fordi du ikke lenger er medlem i folketrygden.
Du regnes ikke som medlem fordi du oppholdt deg mer i utlandet enn i Norge.
Vedtaket er gjort etter folketrygdloven § 14 og forvaltningsloven § 35.
##### Du har rett til å klage
Du kan klage innen 6 uker fra den datoen du mottok vedtaket. Du finner skjema og informasjon på [nav.no/klage](https://nav.no/klage).
<br/>
<br/>
##### Du har rett til innsyn
På [nav.no/dittnav](https://nav.no/dittnav) kan du se dokumentene i saken din.
<br/>
<br/>
<div style="break-inside: avoid; page-break-inside: avoid">
##### Har du spørsmål?
Du finner nyttig informasjon på [nav.no/familie](https://nav.no/familie).
<br/>
<br/>
<br/>
Med vennlig hilsen
<br/>
NAV Familie- og pensjonsytelser
<br/><br/>
Vedtaket har blitt automatisk saksbehandlet av vårt fagsystem. Vedtaksbrevet er derfor ikke underskrevet av saksbehandler.
</div>