<br/>

##### Inntekt vi har brukt i beregningen

Når du har mottatt dagpenger i forkant av foreldrepenger kan du få beregnet foreldrepenger ut i fra 6 av de 10 beste månedene med inntekt, eller etter ordinære beregningsregler avhengig av hva som gir deg best resultat.

Vi har fastsatt foreldrepengene dine til 619 kroner per dag før skatt. Vi har beregnet foreldrepengene dine ut fra de seks beste av de siste ti månedene.
