<br/>

## Inntekt vi har brukt i beregningen

Inntekten din som frilanser er 47 879 kroner i måneden. Oppdragsgiveren eller oppdragsgiverne dine har gitt oss disse opplysningene.
Dette er gjennomsnittet av inntekten din fra de siste tre månedene. Hvis du nettopp har begynt å arbeide som frilanser, har vi brukt inntektene etter at du startet.

