<p align="right">
Dato: 4. mai 2021
</p>
<br>
<br>
<br>
# Svangerskapspengene til Dolly Duck er stanset
<p style="color:gray">
Saksnummer i NAV: 123456789
<br/>
Navn: Dolly Duck
<br/>
Fødselsnummer: 300220 12345
<br/>
</p>
Vi har fått melding om at Dolly Duck, som mottok svangerskapspenger fra og med 1. april 2021, er død.
Vi sender dette brevet for å informere om at vi har stanset svangerskapspengene. Siste dagen det ble utbetalt svangerskapspenger var 3. april 2021.
Vedtaket er gjort etter folketrygdloven § 14-4 og § forvaltningsloven § 35.
Hvis dere har spørsmål om vedtaket eller ønsker å klage, finner dere skjema og informasjon på [nav.no/klage](https://nav.no/klage).
Klagefristen er 6 uker fra den datoen dødsboet fikk brevet.
##### Du har rett til innsyn
For å se dokumentene i saken din, logg inn på [nav.no](https://nav.no/).
<br/>
<br/>
<div style="break-inside: avoid; page-break-inside: avoid">
##### Har du spørsmål?
Du finner nyttig informasjon på [nav.no/familie](https://nav.no/familie).
<br/>
<br/>
<br/>
Med vennlig hilsen
<br/>
NAV Familie- og pensjonsytelser
<br/><br/>
Vedtaket har blitt automatisk saksbehandlet av vårt fagsystem. Vedtaksbrevet er derfor ikke underskrevet av saksbehandler.
</div>