<p align="right">
Date: 4. mai 2021
</p>
<br>
<br>
<br>
# Pregnancy benefits for Dolly Duck is stopped
<p style="color:gray">
Nav's case number: 123456789
<br/>
Name: Dolly Duck
<br/>
National identity number: 300220 12345
<br/>
</p>
We have been notified that Dolly Duck, who received pregnancy benefits from and including 1. april 2021, is dead.
We are sending this letter to inform you that we have stopped the pregnancy benefits. The last day pregnancy benefits was paid was 3. april 2021.
The decision has been made in accordance with the National Insurance Act ยง 14-4 og ยง forvaltningsloven ยง 35.
If you have questions about the decision or want to appeal, you will find the relevant form and information at [nav.no/klage](https://nav.no/klage).
You may appeal within 6 weeks from the date the estate received this letter.
##### You have right of access
Go to [nav.no/dittnav](https://nav.no/dittnav) to see the documents in your case.
<br/>
<br/>
<div style="break-inside: avoid; page-break-inside: avoid">
##### Do you have questions?
You will find useful information at [nav.no/familie](https://nav.no/familie).
<br/>
<br/>
<br/>
Yours sincerely,
<br/>
NAV Familie- og pensjonsytelser
<br/><br/>
This case has been electronically processed by our administration system, which means that this letter has not been signed by a case worker.
</div>