<p align="right">
Dato: 4. mai 2021
</p>
<br>
<br>
<br>
# Du har ikke lenger rett til svangerskapspenger
<p style="color:gray">
Saksnummer i NAV: 123456789
<br/>
Navn: Dolly Duck
<br/>
Fødselsnummer: 300220 12345
<br/>
</p>
Vi har fått opplysninger om at du har mottatt sykepenger i en periode du allerede har mottatt svangerskapspenger. Svangerskapspengene dine stanser derfor fra 10. mai 2021.
Dersom det blir aktuelt med svangerskapspenger fra en senere dato må du sende ny søknad om svangerskapspenger og din arbeidsgiver må sende ny inntektsmelding til NAV.
Vedtaket er gjort etter folketrygdloven § 14-4 og § forvaltningsloven § 35.
<br/>
##### Du har rett til å klage
Du kan klage innen 6 uker fra den datoen du mottok vedtaket. Du finner skjema og informasjon på [nav.no/klage](https://nav.no/klage).
<br/>
<br/>
##### Du har rett til innsyn
På [nav.no/dittnav](https://nav.no/dittnav) kan du se dokumentene i saken din.
<br/>
<br/>
<div style="break-inside: avoid; page-break-inside: avoid">
##### Har du spørsmål?
Du finner nyttig informasjon på [nav.no/familie](https://nav.no/familie).
<br/>
<br/>
<br/>
Med vennlig hilsen
<br/>
NAV Familie- og pensjonsytelser
<br/><br/>
Vedtaket har blitt automatisk saksbehandlet av vårt fagsystem. Vedtaksbrevet er derfor ikke underskrevet av saksbehandler.
</div>