<br/>
<br/>
<br/>
# Svar på varsel om tilbakebetaling av foreldrepenger
<p style="color:gray">
Saksnummer i Nav: 1234567
<br/>
Navn: Navn Navnesen
<br/>
Fødselsnummer: 12345678901
<br/>
Sendt til Nav: 19.08.2019 15:54
<br/>
</p>
<p>Jeg ønsker ikke å uttale meg i saken før den behandles.</p>
