<p align="right">
Date: 4. april 2020
</p>
<br>
<br>
<br>

# We need more time to process your application for parental benefit

<p style="color:gray">
Nav's case number: 123456789
<br/>
Name: Dolly Duck
<br/>
National identity number: 300220 12345
<br/>

</p>

We expect to be able to process your application within 5 weeks.

<br/>

##### You have right of access
Go to [nav.no/dittnav](https://nav.no/dittnav) to see the documents in your case.
<br/>
<br/>
<div style="break-inside: avoid; page-break-inside: avoid">

##### Do you have questions?
You will find useful information at [nav.no/familie](https://nav.no/familie).
<br/>
<br/>
<br/>
Yours sincerely,
<br/>
NAV Familie- og Pensjonsytelser

</div>

