<p align="right">
Dato: 4. april 2020
</p>
<br>
<br>
<br>

# Du har ikkje søkt om svangerskapspengar

<p style="color:gray">
Saksnummer i NAV: 123456789
<br/>
Namn: Dolly Duck
<br/>
Fødselsnummer: 300220 12345
<br/>

</p>

Vi fekk inntektsopplysningar frå Arbeidsplassen AS 1. mai 2020, men vi har ikkje fått søknad om svangerskapspengar frå deg.

Vi kan ikkje vurdere om du har rett til svangerskapspengar før du har søkt. Dette gjer du på [nav.no/familie](https://nav.no/familie). For å unngå å miste dagar og utbetaling må du søkje seinast tre månader etter at svangerskapspengeperioden din starta.

<br/>

**Du har rett til innsyn**<br/>
På [nav.no/dittnav](https://nav.no/dittnav) kan du sjå dokumenta i saka di.
<br/>
<br/>
<br/>
<div style="break-inside: avoid; page-break-inside: avoid">

**Har du spørsmål?**<br/>
Du finn nyttig informasjon på [nav.no/familie](https://nav.no/familie).
<br/>
<br/>
<br/>
Med vennleg helsing
<br/>
NAV Familie- og Pensjonsytelser

</div>

