<p align="right">
Dato: 4. mai 2021
</p>
<br>
<br>
<br>

#  NAV has denied your application for parental benefit
<p style="color:gray">
Nav's case number: 123456789
<br/>
Name: Dolly Duck
<br/>
National identity number: 300220 12345
<br/>

</p>

**We have denied the following**

* You are not entitled to parental benefit, because you have not had earned income or income equivalent to earned income in six of the past ten months before the start of the parental benefit period.

* You are not entitled to parental benefit, because your income is lower than 50 000 kroner per year before tax.

* You are not entitled to parental benefit, because you have applied too early. You can apply when you are in your 22nd week of pregnancy.

* You are not entitled to parental benefit, because your child was aged 15 years or older when you assumed care.

* You are not entitled to parental benefit, because your child was aged 15 years or older when you assumed care.

* You are not entitled to parental benefit, because we do not have proof that the child has been born.

* You are not entitled to parental benefit, because you adopted your spouse’s or cohabitant’s child after the end of the parental benefit period.

* You are not entitled to parental benefit from 16. april 2021 up to and including 17. april 2021, because there are no more days left of the parental benefit period.

* You have already received a lump-sum grant. Your application has therefore been denied.

* You have already received a lump-sum grant. Your application has therefore been denied.

* You are not entitled to parental benefit, because you are not registered as the child’s co-mother.

* You are not entitled to parental benefit, because you are not registered as the child’s co-mother.

* You are not entitled to parental benefit from 26. april 2021 up to and including 27. april 2021, because you do not have care of the child.

* You are not entitled to parental benefit from 28. april 2021 up to and including 29. april 2021, because you do not have care of the child.

* You are not entitled to parental benefit, because you have had contact with the child at least one day a week and every other weekend.

* You are not entitled to parental benefit, because you do not have parental responsibility for the child.

* You are not entitled to parental benefit, because you were not a member of the Norwegian National Insurance Scheme at the time your child was born.

* You are covered by the social security system in another country.

* You are not entitled to parental benefit, because you were not a member of the Norwegian National Insurance Scheme at the time your child was born.

* According to the National Registry, you have moved from Norway.

* You are not entitled to parental benefit, because you were not a member of the Norwegian National Insurance Scheme at the time your child was born.

* You do not have the right to reside in Norway.

* You are not entitled to parental benefit, because you were not a member of the Norwegian National Insurance Scheme at the time your child was born.

* We do not have any information proving that you work or have family that supports you in Norway. It is therefore not documented that you are entitled to stay in Norway pursuant to the EEA Agreement.

* You are not entitled to parental benefit, because you were not a member of the Norwegian National Insurance Scheme at the time your child was born.

* You are not considered a member because you spend more time abroad than in Norway.

* You are not entitled to parental benefit from 14. mai 2021 up to and including 15. mai 2021. You must apply no later than three months after the period of parental benefit started. You applied on 4. mai 2021.

* You may not take over the quota from 16. mai 2021 up to and including 17. mai 2021, because the other parent is not admitted to a health care institution.

* You may not take over the quota from 18. mai 2021 up to and including 19. mai 2021 because the other parent is entitled to parental benefit. Should this change, you can reapply.

* You may  not  take over the quota of the other parent from 20. mai 2021 up to and including 21. mai 2021.

In order to be able to take over the quota, the other parent must be fully dependent on help to be able to take care of the child due to their own illness. The medical certificate from the doctor does not indicate that this is the case.

* You may  not  take over the quota of the other parent from 22. mai 2021 up to and including 23. mai 2021.

In order to be able to take over the quota, the other parent must be fully dependent on help to be able to take care of the child due to their own illness. The medical certificate from the doctor does not indicate that this is the case.

* You are not entitled to parental benefit from 24. mai 2021 up to and including 25. mai 2021, because the mother is not working.

* You are not entitled to parental benefit from 26. mai 2021 up to and including 27. mai 2021, because the mother is not studying full-time on an approved programme.

* You are not entitled to parental benefit from 28. mai 2021 up to and including 29. mai 2021, because the mother is not studying on an approved programme in combination with work that together comprise full-time activity.

* You are not entitled to parental benefit from 30. mai 2021 up to and including 31. mai 2021.

In order to be able to take over the parental benefit, the mother must be fully dependent on help to be able to take care of the child due to her own illness. The medical certificate from her doctor does not indicate that this is the case.

* You are not entitled to parental benefit from 1. juni 2021 up to and including 2. juni 2021, because the mother is not in a health care institution.

* You are not entitled to parental benefit from 3. juni 2021 up to and including 4. juni 2021, because the mother is not participating in the Introduction Programme for newly arrived immigrants pursuant to chapter 4 of the Integration Act on a full-time basis.

* You are not entitled to parental benefit from 5. juni 2021 up to and including 6. juni 2021, because the mother is not participating in the Qualification Programme on a full-time basis.

* You cannot draw parental benefit from 7. juni 2021 up to and including 8. juni 2021, because the mother has not applied for or is not entitled to parental benefit.

* If the mother applies for parental benefit and, in addition, is working, studying or is in some other activity, you may be entitled to parental benefit. You can read more about this at [nav.no/familie](https://nav.no/familie).

* You are not entitled to parental benefit from 11. juni 2021 up to and including 12. juni 2021, because the mother is not receiving disability benefit. Should this change later on, you can reapply.

* We have turned down your application because we have not received the documentation we requested. If you send us the documentation within six weeks, we will process your case again. You will not need to submit a new application.

* No application has been submitted for parental benefit or postponement from 15. juni 2021 up to and including 16. juni 2021. Therefore, 1 day have been lost.

* You cannot postpone parental benefit from 17. juni 2021 up to and including 18. juni 2021 because you have not arranged holiday with your employer.

* You cannot postpone parental benefit from 19. juni 2021 up to and including 20. juni 2021 because you cannot take annual leave on public holidays.

* You cannot postpone parental benefit from 21. juni 2021 up to and including 22. juni 2021 because it is only employees who are entitled to holiday (annual leave) pursuant to the Holiday Act.

* You cannot postpone parental benefit from 23. juni 2021 up to and including 24. juni 2021 because your child is not admitted to a health care institution.

* You cannot postpone parental benefit from 25. juni 2021 up to and including 26. juni 2021 because you have not been admitted to a health care institution.

* You cannot postpone parental benefit from 27. juni 2021 up to and including 28. juni 2021 because you are not working full time.

* You cannot postpone parental benefit from 29. juni 2021 up to and including 30. juni 2021 because less than six weeks have passed since your child was born. You will receive parental benefit in this period.

* You cannot postpone parental benefit from 1. juli 2021 up to and including 2. juli 2021 because less than six weeks have passed since your child was born. You will receive parental benefit in this period.

* You cannot postpone parental benefit from 3. juli 2021 up to and including 4. juli 2021.

In order to postpone parental benefit on grounds of illness, you must be fully dependent on help to be able to take care of the child due to your own illness. The medical certificate from your doctor does not indicate that this is the case.

* You cannot postpone parental benefit from 5. juli 2021 up to and including 6. juli 2021 because you have applied too late.

In order to be entitled to postpone parental benefit, you must apply before starting work.

* You cannot combine parental benefit with work from 7. juli 2021 up to and including 8. juli 2021.

Your parental benefit may only be combined with work six weeks after birth.

* You cannot combine parental benefit with work from 9. juli 2021 up to and including 10. juli 2021.

Because you work in a full time position or more, you cannot take out parental benefit at the same time, but you may postpone the period.

* You cannot combine parental benefit with work from 11. juli 2021 up to and including 12. juli 2021 because you have applied too late.

In order to be entitled to combine parental benefit with work, you must apply before starting work. We have therefore reduced your parental benefit because you are working.

* You cannot combine parental benefit with work from 13. juli 2021 up to and including 14. juli 2021 because you have applied too late.

In order to be entitled to combine parental benefit with work, you must apply before starting work. We have therefore reduced your parental benefit because you are working.

* You cannot combine parental benefit with work from 15. juli 2021 up to and including 16. juli 2021 because you are not working.

* You cannot receive parental benefit from 17. juli 2021 up to and including 18. juli 2021 because the other parent takes out parental benefit in the same period.

* You cannot receive parental benefit from 19. juli 2021 up to and including 20. juli 2021 because the other parent takes out parental benefit in the same period.

* You cannot receive parental benefit from 21. juli 2021 up to and including 22. juli 2021 because the other parent takes out parental benefit in the same period.

* You may not take over the quota from 23. juli 2021 up to and including 24. juli 2021 because you do not have sole care of the child. Should this change, you can reapply.

* You have applied to postpone parental benefit from 25. juli 2021 up to and including 26. juli 2021, but you have not sent us the documentation we asked for. We therefore do not have enough information to assess whether you are entitled to postpone parental benefit.

* You have applied to postpone parental benefit from 27. juli 2021 up to and including 28. juli 2021, but you have not sent us the documentation we asked for. We therefore do not have enough information to assess whether you are entitled to postpone parental benefit.

* You have applied to postpone parental benefit from 29. juli 2021 up to and including 30. juli 2021, but you have not sent us the documentation we asked for. We therefore do not have enough information to assess whether you are entitled to postpone parental benefit.

* You have applied to postpone parental benefit from 31. juli 2021 up to and including 1. august 2021, but you have not sent us the documentation we asked for. We therefore do not have enough information to assess whether you are entitled to postpone parental benefit.

* You have applied to postpone parental benefit from 2. august 2021 up to and including 3. august 2021, but you have not sent us the documentation we asked for. We therefore do not have enough information to assess whether you are entitled to postpone parental benefit.

* You have applied to combine parental benefit with work from 4. august 2021 up to and including 5. august 2021, but you have not sent us the documentation we asked for. We therefore do not have enough information to assess whether you are entitled to combine parental benefit with work.

* You have applied to combine parental benefit with work from 6. august 2021 up to and including 7. august 2021, but you have not sent us the documentation we asked for. We therefore do not have enough information to assess whether you are entitled to combine parental benefit with work.

* You have applied to take over the other parent’s quota from 8. august 2021 up to and including 9. august 2021, but you have not sent us the documentation we asked for. We therefore do not have enough information to assess whether you are entitled to take over the quota.

* You have applied for parental benefit from 10. august 2021 up to and including 11. august 2021, but you have not sent us the documentation we asked for. We therefore do not have enough information to assess whether you are entitled to parental benefit in this period.

* You have applied for parental benefit from 12. august 2021 up to and including 13. august 2021, but you have not sent us the documentation we asked for. We therefore do not have enough information to assess whether you are entitled to parental benefit in this period.

* You have applied for parental benefit from 14. august 2021 up to and including 15. august 2021, but you have not sent us the documentation we asked for. We therefore do not have enough information to assess whether you are entitled to parental benefit in this period.

* You have applied for parental benefit from 16. august 2021 up to and including 17. august 2021, but you have not sent us the documentation we asked for. We therefore do not have enough information to assess whether you are entitled to parental benefit in this period.

* You have applied for parental benefit from 18. august 2021 up to and including 19. august 2021, but you have not sent us the documentation we asked for. We therefore do not have enough information to assess whether you are entitled to parental benefit in this period.

* You have applied for parental benefit from 20. august 2021 up to and including 21. august 2021, but you have not sent us the documentation we asked for. We therefore do not have enough information to assess whether you are entitled to parental benefit in this period.

* You have applied for parental benefit from 22. august 2021 up to and including 23. august 2021, but you have not sent us the documentation we asked for. We therefore do not have enough information to assess whether you are entitled to parental benefit in this period.

* You are not entitled to parental benefit from 24. august 2021 up to and including 25. august 2021, because the earliest you can start the parental benefit period is 12 weeks before the estimated delivery date.

* You are not entitled to parental benefit from 26. august 2021 up to and including 27. august 2021 because your child is 3 years old.

* You cannot postpone parental benefit from 28. august 2021 up to and including 29. august 2021, because there are no more days left of the parental benefit period.

* You cannot postpone parental benefit from 30. august 2021 up to and including 31. august 2021.

You can only postpone parental benefits if the mother is working, studying or taking part in some other activity. You can read more about this at [nav.no/foreldrepenger](https://nav.no/foreldrepenger).

* You are not entitled to parental benefit from 1. september 2021 up to and including 2. september 2021.

To get more days of parental benefit, the other parent must be working, studying or in some other activity. You can read more about this at [nav.no/foreldrepenger](https://nav.no/foreldrepenger).

* You are not entitled to parental benefit from 3. september 2021 up to and including 4. september 2021.

To get more days of parental benefit, the other parent must be working, studying or in some other activity. You can read more about this at [nav.no/foreldrepenger](https://nav.no/foreldrepenger).

* You are not entitled to parental benefit from 5. september 2021 up to and including 6. september 2021.

The parental benefit you have applied for cannot be combined with what the other parent has applied for in the same period. You can only both receive parental benefit at the same time when one of you takes 100 per cent quota and the other parent takes up to 50 per cent from the shared period.

* You cannot postpone parental benefit from 7. september 2021 up to and including 8. september 2021, because you have applied too late. To be entitled to postpone parental benefit, you must apply before the start of the holiday.

* You are not entitled to parental benefit from 9. september 2021 up to and including 10. september 2021, because the earliest you can receive parental benefit is from the day you assume care of the child.
* You have applied to postpone parental benefit from 25. juli 2021 up to and including 26. juli 2021, but you have not sent us the documentation we asked for. We therefore do not have enough information to assess whether you are entitled to postpone parental benefit.
* You have applied to postpone parental benefit from 27. juli 2021 up to and including 28. juli 2021, but you have not sent us the documentation we asked for. We therefore do not have enough information to assess whether you are entitled to postpone parental benefit.
* You have applied to postpone parental benefit from 29. juli 2021 up to and including 30. juli 2021, but you have not sent us the documentation we asked for. We therefore do not have enough information to assess whether you are entitled to postpone parental benefit.
* You cannot postpone parental benefit from 1. august 2021 up to and including 2. august 2021.

In order to postpone parental benefit on grounds of illness, you must be fully dependent on help to be able to take care of the child due to your own illness. The medical certificate from your doctor does not indicate that this is the case.

* You cannot postpone parental benefit from 3. august 2021 up to and including 4. august 2021 because you have not been admitted to a health care institution.
* You cannot postpone parental benefit from 5. august 2021 up to and including 6. august 2021because your child is not admitted to a health care institution.
* No application has been submitted for parental benefit or postponement from 15. juni 2021 up to and including 16. juni 2021. Therefore, 1 day have been lost.

The decision has been made in accordance with the National Insurance Act Section § forvaltningsloven § 35.

<br/>

**You have the right to appeal**<br/>
You may appeal within 6 weeks from the date you received the decision. You will find the relevant form and information at [nav.no/klage](https://nav.no/klage).
<br/>
<br/>
<br/>
**You have right of access**<br/>
Go to [nav.no/dittnav](https://nav.no/dittnav) to see the documents in your case.
<br/>
<br/>
<br/>
<div style="break-inside: avoid; page-break-inside: avoid">

**Do you have questions?**<br/>
You will find useful information at [nav.no/familie](https://nav.no/familie).
<br/>
<br/>
<br/>
Yours sincerely,
<br/>
NAV Familie- og Pensjonsytelser

<br/><br/>

This case has been electronically processed by our administration system, which means that this letter has not been signed by a case worker.

</div>
