<div id="header">
    <table style="color:gray; width: 100%; border-collapse: collapse;"><tr>
            <td style="text-align: left; width: 150px">Navn:</td>
            <td style="text-align: left;">Dolly Duck</td>
            <td style="text-align: left;"></td> <!-- Empty column -->
            <td></td> <!-- Keeping alignment -->
        </tr><tr>
            <td style="text-align: left; width: 150px">Fødselsnummer:</td>
            <td style="text-align: left;">300220 12345</td>
            <td></td> <!-- Empty column -->
            <td></td> <!-- Keeping alignment -->
        </tr>
        <tr>
            <td style="text-align: left; width: 150px">Saksnummer:</td>
            <td style="text-align: left;">123456789</td>
            <td></td> <!-- Empty column -->
            <td style="text-align: right;">4. mai 2021</td>
        </tr>
    </table>
</div>
<div id="redigerbart-innhold" data-editable="data-editable">
# Nav har avvist klagen din på tilbakebetaling av foreldrepenger
Vi har avvist klagen din fordi
* du har klaget for sent. Du har ikke oppgitt en grunn til at du klaget for sent som gjør at vi kan behandle klagen.
* du ikke har underskrevet den.
* det du har klaget på ikke er et vedtak.
* du har klaget på et vedtak som ikke gjelder deg.
* du ikke har sagt hva det er du klager på.
Tester at fritekst kommer dersom angitt for en avvist klage<br/>
Vedtaket er gjort etter folketrygdloven § 21-12 og forvaltningsloven §§ 28, 31, 32 og 34.
</div>
<div id="readonly-innhold">
## Du har rett til å klage
Du kan klage innen 6 uker fra den datoen du mottok vedtaket. Du finner skjema og informasjon på [nav.no/klage](https://nav.no/klage).
## Du har rett til innsyn
For å se dokumentene i saken din, logg inn på [foreldrepenger.nav.no](https://foreldrepenger.nav.no/).
<div style="break-inside: avoid; page-break-inside: avoid">
## Har du spørsmål?
Du finner mer informasjon på [nav.no/barn](https://nav.no/barn).
På [nav.no/kontakt](https://nav.no/kontakt) kan du chatte eller skrive til oss.
Hvis du ikke finner svar på nav.no kan du ringe oss på telefon 55 55 33 33, hverdager 09.00-15.00.
<br/>
<br/>
<br/>
Med vennlig hilsen
<br/>
Nav Familie- og pensjonsytelser
</div>
</div>
