<p align="right">
Dato: 4. mai 2021
</p>
<br>
<br>
<br>
# NAV har avvist klagen din på vedtaket om svangerskapspenger
<p style="color:gray">
Saksnummer i NAV: 123456789
<br/>
Navn: Dolly Duck
<br/>
Fødselsnummer: 300220 12345
<br/>
</p>
Vi har avvist klagen din fordi det du har klaget på ikke er et vedtak
Vedtaket er gjort etter folketrygdloven § 21-12 og forvaltningsloven §§ 28, 31, 32 og 34.
<br/>
##### Du har rett til å klage
Du kan klage innen 6 uker fra den datoen du mottok vedtaket. Du finner skjema og informasjon på [nav.no/klage](https://nav.no/klage).
<br/>
<br/>
##### Du har rett til innsyn
På [nav.no/dittnav](https://nav.no/dittnav) kan du se dokumentene i saken din.
<br/>
<br/>
<div style="break-inside: avoid; page-break-inside: avoid">
##### Har du spørsmål?
Du finner nyttig informasjon på [nav.no/familie](https://nav.no/familie).
<br/>
<br/>
<br/>
Med vennlig hilsen
<br/>
NAV Familie- og pensjonsytelser
</div>
