<br/>

**Dette har vi innvilget**











* Du tar ut foreldrepenger fra og med 15. april 2021 til og med 18. august 2021. I denne perioden får du 1 000 kroner per dag før skatt.


















































* Du tar ut foreldrepenger fra og med 19. august 2021 til og med 24. september 2021. I denne perioden får du 1 200 kroner per dag før skatt.











































Foreldrepengene utgjør det samme som tidligere. Sjekk utbetalingene dine på [nav.no/utbetalinger](https://nav.no/utbetalinger).

Den siste dagen med foreldrepenger er 4. november 2022.

