<br/>

**Dette har vi innvilget**

* Du tar ut 50 prosent foreldrepenger fra og med 15. april 2021 til og med 18. august 2021. I denne perioden får du 500 kroner per dag før skatt.

* Du tar ut 50 prosent foreldrepenger fra og med 15. april 2021 til og med 18. august 2021 fordi du jobber 40 prosent. I denne perioden får du 500 kroner per dag før skatt.

* Du tar ut 20 prosent foreldrepenger fra og med 15. april 2021 til og med 18. august 2021 fordi du jobber 10 prosent. I denne perioden får du 500 kroner per dag før skatt.

* Du tar ut 90 prosent foreldrepenger fra og med 19. august 2021 til og med 20. august 2021. I denne perioden får du 600 kroner per dag før skatt.

* Du tar ut 70 prosent foreldrepenger fra og med 21. august 2021 til og med 22. august 2021. I denne perioden får du 700 kroner per dag før skatt.

* Du tar ut 70 prosent foreldrepenger fra og med 21. august 2021 til og med 22. august 2021 fordi du jobber 85 prosent. I denne perioden får du  700 kroner per dag før skatt.

