<p align="right">
Dato: 13. august 2021
</p>
<br>
<br>
<br>
<br/>
<br/>
# NAV har beregnet foreldrepengene dine på nytt
<p style="color:gray">
Saksnummer i NAV: 222222222
<br/>
Navn: ING ANONYMISERT
<br/>
Fødselsnummer: 11111 11111
<br/>
</p>
Vi har fått nye inntektsopplysninger. Derfor har vi endret det du får utbetalt.
Du får 1 436 kroner per dag før skatt. Dette er i gjennomsnitt 31 113 kroner i måneden. Sjekk utbetalingene dine på [nav.no/utbetalinger](https://nav.no/utbetalinger).
<br/>
##### Inntekt vi har brukt i beregningen
Inntekten din hos FIRMA AS er 38 904 kroner i måneden. Arbeidsgiveren din har gitt oss disse opplysningene.
Dette er gjennomsnittet av inntekten din fra de siste tre månedene. Hvis du nettopp har begynt å arbeide, byttet arbeidsforhold eller lønnen din har endret seg, har vi brukt månedsinntektene etter at endringen skjedde.
Beregningen er gjort etter folketrygdloven §§ 14-7 og 8-30 og forvaltningsloven § 35.
Hvis arbeidsgiver kommer med nye opplysninger om inntekten du hadde før du startet foreldrepengeperioden, får du et nytt vedtak med ny beregning.
<br/>
##### Du må melde fra om endringer
Dersom det skjer endringer som kan ha betydning for stønaden du får utbetalt, må du straks melde fra til NAV. Du finner mer informasjon på [nav.no/rettogplikt](https://nav.no/rettogplikt).
<br/>
<br/>
##### Du har rett til å klage
Du kan klage innen 6 uker fra den datoen du mottok vedtaket. Du finner skjema og informasjon på [nav.no/klage](https://nav.no/klage).
<br/>
<br/>
##### Du har rett til innsyn
På [nav.no/dittnav](https://nav.no/dittnav) kan du se dokumentene i saken din.
<br/>
<br/>
<div style="break-inside: avoid; page-break-inside: avoid">
##### Har du spørsmål?
Du finner nyttig informasjon på [nav.no/familie](https://nav.no/familie).
<br/>
<br/>
<br/>
Med vennlig hilsen
<br/>
NAV Familie- og pensjonsytelser
<br/><br/>
Vedtaket har blitt automatisk saksbehandlet av vårt fagsystem. Vedtaksbrevet er derfor ikke underskrevet av saksbehandler.
</div>
