<div class="align"> <p> Innsendt: 31. mai 2024 kl.12.20</p></div>
<br>
<br>
<br>
<br>
<br>
# Refusjon for nyansatt med foreldrepenger
**Arbeidsgiver**
<br>Arbeidsgiver 1, org.nr. *****4556
**Den ansatte**
<br>Gro Gror Testesen, f.nr. *********5298
**Kontaktperson fra bedriften**
<br>Navn kontaktperson, tlf. 22 22 22 22
<hr>
## Første dag med refusjon
4. juni 2024
<hr>
## Refusjon i perioden
**Betaler dere den ansatte lønn under fraværet og krever refusjon**?
<br>Ja, likt beløp i hele perioden<br><br>**Refusjonsbeløp dere krever per måned**<br>45 000kr
