Du får 2 209 kroner per dag før skatt fra og med 4. juni 2022. Dette er i gjennomsnitt 47 879 kroner i måneden. Den siste dagen du får foreldrepenger er 4. november 2022.


Arbeidsgiveren din betaler deg lønn mens du har permisjon. Resten av foreldrepengene får du utbetalt fra NAV innen den 25. hver måned. Sjekk utbetalingene dine på [nav.no/utbetalinger](https://nav.no/utbetalinger).



Den andre forelderen har ikke rett til foreldrepenger. Derfor får du hele foreldrepengeperioden.








Vi har forlenget foreldrepengeperioden med 1 uker fordi dere venter flere barn.








Det er 0 dager igjen av kvoten din, og 10 dager som dere begge kan ta ut. Disse dagene må det søkes om innen 4. november 2022.

