<br/>
**Dette har vi avslått**

* Du kan ikkje utsetje foreldrepengane frå og med 19. august 2021 til og med 24. september 2021 fordi du får pleiepengar i denne perioden.

  Periodar før termindato kan ikkje utsetjast fordi du fødde før svangerskapsveke 33.

* Du har ikkje rett til foreldrepengar frå og med 27. september 2021 til og med 25. november 2021.

  Du må søkje seinast tre månader etter at perioden med foreldrepengar starta. Du søkte 4. mai 2021. Derfor får du 3 færre dagar med foreldrepengar.

* Det er ikkje søkt om foreldrepengar eller utsetjing frå og med 26. november 2021 til og med 17. januar 2022. Derfor er 2 dagar tapte.

* Du har ikkje rett til foreldrepengar frå og med 26. november 2021 til og med 17. januar 2022 fordi du ikkje har omsorga for barnet.

* Du har ikkje rett til foreldrepengar frå og med 26. november 2021 til og med 17. januar 2022 fordi du ikkje har omsorga for barnet.

* Du kan ikkje utsetje foreldrepengane frå og med 26. november 2021 til og med 17. januar 2022 fordi du ikkje har avtalt ferien med arbeidsgivaren din.

* Du kan ikkje utsetje foreldrepengane frå og med 26. november 2021 til og med 17. januar 2022 fordi du ikkje kan ta ut ferie på heilagdagar.

* Du kan ikkje utsetje foreldrepengane frå og med 26. november 2021 til og med 17. januar 2022 fordi det berre er arbeidstakarar som har rett til ferie etter ferielova.

* Du kan ikkje utsetje foreldrepengane frå og med 26. november 2021 til og med 17. januar 2022 fordi barnet ditt ikkje er innlagd i helseinstitusjon.

* Du kan ikkje utsetje foreldrepengane frå og med 26. november 2021 til og med 17. januar 2022 fordi du ikkje er innlagd i helseinstitusjon.

* Du kan ikkje utsetje foreldrepengane frå og med 26. november 2021 til og med 17. januar 2022 fordi du ikkje jobbar heiltid. Vi har derfor redusert foreldrepengane dine til 1 500 kroner per dag før skatt.

* Du kan ikkje utsetje foreldrepengane frå og med 26. november 2021 til og med 17. januar 2022 fordi du ikkje jobbar heiltid. Du får ikkje foreldrepengar i denne perioden.

* Vi har redusert foreldrepengane dine fordi du jobbar frå og med 26. november 2021 til og med 17. januar 2022.

  Du har ikkje søkt om å kombinere foreldrepengane med arbeid, og derfor har vi redusert utbetalinga di.

* Du kan ikkje utsetje foreldrepengane frå og med 26. november 2021 til og med 17. januar 2022 fordi det ikkje har gått seks veker sidan barnet ditt blei fødd. Du vil få utbetalt foreldrepengar i perioden.

* Du kan ikkje utsetje foreldrepengane frå og med 26. november 2021 til og med 17. januar 2022 fordi det ikkje har gått seks veker sidan barnet ditt blei fødd. Du vil få utbetalt foreldrepengar i perioden.

* Du kan ikkje utsetje foreldrepengane frå og med 26. november 2021 til og med 17. januar 2022. For å utsetje foreldrepengane på grunn av sjukdom må du vere heilt avhengig av hjelp til å ta deg av barnet. Legeerklæringa di viser ikkje dette.

* Du kan ikkje utsetje foreldrepengane frå og med 26. november 2021 til og med 17. januar 2022 fordi du har søkt for seint.

  For å ha rett til å utsetje foreldrepengane må du søkje før du begynner å jobbe.

* Du kan ikkje kombinere foreldrepengane med arbeid frå og med 26. november 2021 til og med 17. januar 2022.

  Fordi du jobbar 100 prosent eller meir, kan du ikkje ta ut foreldrepengar ved sida av arbeidet, men du kan utsetje perioden.

* Du kan ikkje kombinere foreldrepengane med arbeid frå og med 26. november 2021 til og med 17. januar 2022 fordi du ikkje er i jobb.

* Du kan ikkje ta ut foreldrepengar frå og med 26. november 2021 til og med 17. januar 2022 fordi den andre forelderen tek ut foreldrepengar i same periode.

* Du kan ikkje ta ut foreldrepengar frå og med 26. november 2021 til og med 17. januar 2022 fordi den andre forelderen tek ut foreldrepengar i same periode.

* Du kan ikkje ta ut foreldrepengar frå og med 26. november 2021 til og med 17. januar 2022 fordi den andre forelderen utsett foreldrepengane i same periode.

* Du har ikkje rett til foreldrepengar frå og med 26. november 2021 til og med 17. januar 2022 fordi mor ikkje er i jobb.

* Du har ikkje rett til foreldrepengar frå og med 26. november 2021 til og med 17. januar 2022 fordi mor ikkje studerer heiltid.

* Du har ikkje rett til foreldrepengar frå og med 26. november 2021 til og med 17. januar 2022 fordi mor ikkje jobbar og tek utdanning som til saman utgjer heiltid.

* Du har ikkje rett til foreldrepengar frå og med 26. november 2021 til og med 17. januar 2022 fordi mor ikkje er innlagd i helseinstitusjon.

* Du har ikkje rett til foreldrepengar frå og med 26. november 2021 til og med 17. januar 2022 fordi mor ikkje deltek på heiltid i introduksjonsprogrammet for nyinnkomne innvandrarar, ifølgje kapittel 4 i integreringslova.

* Du har ikkje rett til foreldrepengar frå og med 26. november 2021 til og med 17. januar 2022 fordi mor ikkje deltek på heiltid i kvalifiseringsprogrammet.

* Du har ikkje rett til foreldrepengar frå og med 26. november 2021 til og med 17. januar 2022 fordi mor ikkje får uføretrygd.

* Du kan ikkje overta kvoten til den andre forelderen frå og med 26. november 2021 til og med 17. januar 2022.

  For at du skal kunne overta kvoten, må den andre forelderen vere heilt avhengig av hjelp til å ta seg av barnet på grunn av eigen sjukdom. Legeerklæringa viser ikkje dette.

* Du har ikkje rett til foreldrepengar frå og med 26. november 2021 til og med 17. januar 2022.

  For at du skal kunne ta ut foreldrepengane, må mor vere heilt avhengig av hjelp til å ta seg av barnet på grunn av eigen sjukdom. Legeerklæringa hennar viser ikkje dette.

* Du kan ikkje overta kvoten frå og med 26. november 2021 til og med 17. januar 2022 fordi den andre forelderen ikkje er innlagd i helseinstitusjon.

* Du kan ikkje overta kvoten frå og med 26. november 2021 til og med 17. januar 2022 fordi du ikkje har åleineomsorga for barnet. Dersom dette endrar seg, kan du søkje på nytt.

* Du kan ikkje ta over kvoten frå og med 26. november 2021 til og med 17. januar 2022 fordi den andre forelderen har rett til foreldrepengar. Dersom dette endrar seg, kan du søkje på nytt.

* Du har ikkje rett til foreldrepengar frå og med 26. november 2021 til og med 17. januar 2022 fordi det ikkje er fleire dagar igjen av foreldrepengeperioden.

* Du har søkt om å utsetje foreldrepengane frå og med 26. november 2021 til og med 17. januar 2022, men du har ikkje sendt oss dokumentasjonen vi har bede om. Derfor har vi ikkje nok opplysningar til å vurdere om du har rett til å utsetje.

  Dersom du sender oss dokumentasjonen innan seks veker, behandlar vi søknaden din for denne perioden på nytt. Då treng du ikkje sende ny søknad.

* Du har søkt om å utsetje foreldrepengane frå og med 26. november 2021 til og med 17. januar 2022, men du har ikkje sendt oss dokumentasjonen vi har bede om. Derfor har vi ikkje nok opplysningar til å vurdere om du har rett til å utsetje.

  Dersom du sender oss dokumentasjonen innan seks veker, behandlar vi søknaden din for denne perioden på nytt. Då treng du ikkje sende ny søknad.

* Du har søkt om å utsetje foreldrepengane frå og med 26. november 2021 til og med 17. januar 2022, men du har ikkje sendt oss dokumentasjonen vi har bede om. Derfor har vi ikkje nok opplysningar til å vurdere om du har rett til å utsetje.

  Dersom du sender oss dokumentasjonen innan seks veker, behandlar vi søknaden din for denne perioden på nytt. Då treng du ikkje sende ny søknad.

* Du har søkt om å utsetje foreldrepengane frå og med 26. november 2021 til og med 17. januar 2022, men du har ikkje sendt oss dokumentasjonen vi har bede om. Derfor har vi ikkje nok opplysningar til å vurdere om du har rett til å utsetje.

  Dersom du sender oss dokumentasjonen innan seks veker, behandlar vi søknaden din for denne perioden på nytt. Då treng du ikkje sende ny søknad.

* Du har søkt om å utsetje foreldrepengane frå og med 26. november 2021 til og med 17. januar 2022, men du har ikkje sendt oss dokumentasjonen vi har bede om. Derfor har vi ikkje nok opplysningar til å vurdere om du har rett til å utsetje.

  Dersom du sender oss dokumentasjonen innan seks veker, behandlar vi søknaden din for denne perioden på nytt. Då treng du ikkje sende ny søknad.

* Du har søkt om å kombinere foreldrepengane med arbeid frå og med 26. november 2021 til og med 17. januar 2022, men du har ikkje sendt oss dokumentasjonen vi har bede om. Derfor har vi ikkje nok opplysningar til å vurdere om du har rett til å kombinere foreldrepengane med arbeid.

  Dersom du sender oss dokumentasjonen innan seks veker, behandlar vi søknaden din for denne perioden på nytt. Då treng du ikkje sende ny søknad.

* Du har søkt om å kombinere foreldrepengane med arbeid frå og med 26. november 2021 til og med 17. januar 2022, men du har ikkje sendt oss dokumentasjonen vi har bede om. Derfor har vi ikkje nok opplysningar til å vurdere om du har rett til å kombinere foreldrepengane med arbeid.

  Dersom du sender oss dokumentasjonen innan seks veker, behandlar vi søknaden din for denne perioden på nytt. Då treng du ikkje sende ny søknad.

* Du har søkt om å ta over kvoten til den andre forelderen frå og med 26. november 2021 til og med 17. januar 2022, men du har ikkje sendt oss dokumentasjonen vi har bede om. Derfor har vi ikkje nok opplysningar til å vurdere om du har rett til å overta kvoten.

  Dersom du sender oss dokumentasjonen innan seks veker, behandlar vi søknaden din for denne perioden på nytt. Då treng du ikkje sende ny søknad.

* Du har søkt om foreldrepengar frå og med 26. november 2021 til og med 17. januar 2022, men du har ikkje sendt oss dokumentasjonen vi har bede om. Derfor har vi ikkje nok opplysningar til å vurdere om du har rett til foreldrepengar i denne perioden.

  Dersom du sender oss dokumentasjonen innan seks veker, behandlar vi søknaden din for denne perioden på nytt. Då treng du ikkje sende ny søknad.

* Du har søkt om foreldrepengar frå og med 26. november 2021 til og med 17. januar 2022, men du har ikkje sendt oss dokumentasjonen vi har bede om. Derfor har vi ikkje nok opplysningar til å vurdere om du har rett til foreldrepengar i denne perioden.

  Dersom du sender oss dokumentasjonen innan seks veker, behandlar vi søknaden din for denne perioden på nytt. Då treng du ikkje sende ny søknad.

* Du har søkt om foreldrepengar frå og med 26. november 2021 til og med 17. januar 2022, men du har ikkje sendt oss dokumentasjonen vi har bede om. Derfor har vi ikkje nok opplysningar til å vurdere om du har rett til foreldrepengar i denne perioden.

  Dersom du sender oss dokumentasjonen innan seks veker, behandlar vi søknaden din for denne perioden på nytt. Då treng du ikkje sende ny søknad.

* Du har søkt om foreldrepengar frå og med 26. november 2021 til og med 17. januar 2022, men du har ikkje sendt oss dokumentasjonen vi har bede om. Derfor har vi ikkje nok opplysningar til å vurdere om du har rett til foreldrepengar i denne perioden.

  Dersom du sender oss dokumentasjonen innan seks veker, behandlar vi søknaden din for denne perioden på nytt. Då treng du ikkje sende ny søknad.

* Du har søkt om foreldrepengar frå og med 26. november 2021 til og med 17. januar 2022, men du har ikkje sendt oss dokumentasjonen vi har bede om. Derfor har vi ikkje nok opplysningar til å vurdere om du har rett til foreldrepengar i denne perioden.

  Dersom du sender oss dokumentasjonen innan seks veker, behandlar vi søknaden din for denne perioden på nytt. Då treng du ikkje sende ny søknad.

* Du har søkt om foreldrepengar frå og med 26. november 2021 til og med 17. januar 2022, men du har ikkje sendt oss dokumentasjonen vi har bede om. Derfor har vi ikkje nok opplysningar til å vurdere om du har rett til foreldrepengar i denne perioden.

  Dersom du sender oss dokumentasjonen innan seks veker, behandlar vi søknaden din for denne perioden på nytt. Då treng du ikkje sende ny søknad.

* Du har søkt om foreldrepengar frå og med 26. november 2021 til og med 17. januar 2022, men du har ikkje sendt oss dokumentasjonen vi har bede om. Derfor har vi ikkje nok opplysningar til å vurdere om du har rett til foreldrepengar i denne perioden.

  Dersom du sender oss dokumentasjonen innan seks veker, behandlar vi søknaden din for denne perioden på nytt. Då treng du ikkje sende ny søknad.

* Du har ikkje rett til foreldrepengar frå og med 26. november 2021 til og med 17. januar 2022 fordi du tidlegast kan starte foreldrepengeperioden 12 veker før termin.

* Du har ikkje rett til foreldrepengar frå og med 26. november 2021 til og med 17. januar 2022 fordi barnet ditt er fylt tre år.

* Du kan ikkje utsetje foreldrepengane frå og med 26. november 2021 til og med 17. januar 2022 fordi det ikkje er fleire dagar igjen av foreldrepengeperioden.

* Du kan ikkje utsetje foreldrepengane frå og med 26. november 2021 til og med 17. januar 2022.

  Du kan berre utsetje når mor jobbar, studerer eller er i ein annan aktivitet. Du kan lese meir om dette på [nav.no/foreldrepenger](https://nav.no/foreldrepenger).

* Du har ikkje rett til foreldrepengar frå og med 26. november 2021 til og med 17. januar 2022.

  For at du skal kunne få fleire dagar med foreldrepengar, må den andre forelderen vere i jobb, studere eller vere i ein annan aktivitet. Du kan lese meir om dette på [nav.no/foreldrepenger](https://nav.no/foreldrepenger).

* Du har ikkje rett til foreldrepengar frå og med 26. november 2021 til og med 17. januar 2022.

  For at du skal kunne få fleire dagar med foreldrepengar, må den andre forelderen vere i jobb, studere eller vere i ein annan aktivitet. Du kan lese meir om dette på [nav.no/foreldrepenger](https://nav.no/foreldrepenger).

* Du har ikkje rett til foreldrepengar frå og med 26. november 2021 til og med 17. januar 2022.

  Du kan ikkje kombinere foreldrepengane du har søkt om, med det den andre forelderen har søkt om i same perioden. De kan berre ta ut foreldrepengar samtidig når den eine av dykk tek ut 100 prosent kvote, og den andre tek ut opptil 50 prosentfellesperiode.

* Du kan ikkje utsetje foreldrepengane frå og med 26. november 2021 til og med 17. januar 2022 fordi du har søkt for seint.

  For å ha rett til å utsetje foreldrepengane må du søkje før ferien startar.

* Du har ikkje rett til foreldrepengar frå og med 26. november 2021 til og med 17. januar 2022 fordi du tidlegast kan få foreldrepengar frå den dagen du overtek omsorga for barnet.

* Du kan ikkje ta ut foreldrepengar frå og med 26. november 2021 til og med 17. januar 2022 fordi mor ikkje har søkt om eller ikkje har rett til foreldrepengar.

* Du kan ikkje ta ut foreldrepengar frå og med 26. november 2021 til og med 17. januar 2022 fordi mor ikkje har søkt om eller ikkje har rett til foreldrepengar.

  Dersom mor søkjer om foreldrepengar og i tillegg arbeider, studerer eller er i ein annan aktivitet, kan du ha rett til foreldrepengar. Dette kan du lese meir om på [nav.no/familie](https://nav.no/familie).

* Du har ikkje rett til foreldrepengar frå og med 26. november 2021 til og med 17. januar 2022 fordi du ikkje er medlem i folketrygda.

  Du har ikkje opphaldsløyve i Noreg i denne perioden.

* Du kan ikkje utsetje foreldrepengane frå og med 1. august 2021 til og med 2. august 2021. For å utsetje foreldrepengane på grunn av sjukdom må du vere heilt avhengig av hjelp til å ta deg av barnet. Legeerklæringa di viser ikkje dette.

* Du kan ikkje utsetje foreldrepengane frå og med 3. august 2021 til og med 4. august 2021 fordi du ikkje er innlagd i helseinstitusjon.

* Du kan ikkje utsetje foreldrepengane frå og med 5. august 2021 til og med 6. august 2021 fordi barnet ditt ikkje er innlagd i helseinstitusjon.

* Det er ikkje søkt om foreldrepengar eller utsetjing frå og med 26. november 2021 til og med 17. januar 2022. Derfor er 2 dagar tapte.

* Dei første 6 vekene etter fødsel er øyremerkte mor og kan berre utsetjast ved sjukdom eller innlegging. Du har ikkje søkt om foreldrepengar eller utsetjing frå og med 26. november 2021 til og med 17. januar 2022. Derfor har du mista 2 dagar.
