<p align="right">
Dato: 3. juni 2021
</p>
<br>
<br>
<br>
<br/>
<br/>

# NAV har innvilget søknaden din om 100 prosent foreldrepenger

<p style="color:gray">
Saksnummer i NAV: 123456789
<br/>
Navn: Dolly Duck
<br/>
Fødselsnummer: 300220 12345
<br/>

</p>







<br/>

**Dette har vi innvilget**


































* Du tar ut 50 prosent foreldrepenger fra og med 19. mai 2021 til og med 14. desember 2021 fordi du jobber 100 prosent hos TULLE TRANSPORT AS. I denne perioden får du 1 356 kroner per dag før skatt.


  
 

 
Selv om du er tilbake i arbeid hos TRALLE TRANSPORT AS har du fremdeles rett til foreldrepenger. Derfor får du fremdeles utbetalt foreldrepenger.

 
 
I samme periode tar du ut 100 prosent permisjon hos TRALLE TRANSPORT AS.




























Du får 1 356 kroner per dag før skatt fra og med 19. mai 2021. Dette er i gjennomsnitt 29 380 kroner i måneden. Den siste dagen du får foreldrepenger er 14. desember 2021.

Foreldrepengene blir utbetalt for alle dager, unntatt lørdag og søndag. Fordi det ikke er like mange dager i hver måned, vil de månedlige utbetalingene dine variere.

Pengene er på kontoen din innen den 25. hver måned. Sjekk utbetalingene dine på [nav.no/utbetalinger](https://nav.no/utbetalinger).






















Det er 25 dager igjen av kvoten din, og 10 dager som dere begge kan ta ut. Disse dagene må det søkes om innen 14. desember 2021.

**Du har flere arbeidsgivere**

Du jobber hos flere arbeidsgivere i samme periode. Det er kun mulig å kombinere foreldrepenger med arbeid hos én arbeidsgiver om gangen. Det betyr at det bare er perioden din hos TULLE TRANSPORT AS som blir forlenget.









Vedtaket er gjort etter folketrygdloven §§ 14-12 og 14-16.


<br/>

**Inntekt vi har brukt i beregningen**<br/>




Inntekten din hos TULLE TRANSPORT AS er 47 585 kroner i måneden.





Inntekten din hos TRALLE TRANSPORT AS er 5 600 kroner i måneden.




Arbeidsgiverne dine har gitt oss disse opplysningene.






Dette er gjennomsnittet av inntekten din fra de siste tre månedene. Hvis du nettopp har begynt å arbeide, byttet arbeidsforhold eller lønnen din har endret seg, har vi brukt månedsinntektene etter at endringen skjedde.
















Beregningen er gjort etter folketrygdloven §§ 14-7 og 8-30.







**Hva skjer hvis du får utbetalt foreldrepenger og lønn for samme periode?**

Hvis du får utbetalt for mye i foreldrepenger, kan utbetalingen din bli redusert i neste måned.


<br/>

**Du må melde fra om endringer**<br/>
Dersom det skjer endringer som kan ha betydning for stønaden du får utbetalt, må du straks melde fra til NAV. Du finner mer informasjon på [nav.no/rettogplikt](https://nav.no/rettogplikt).
<br/>
<br/>
<br/>
**Du har rett til å klage**<br/>
Du kan klage innen 6 uker fra den datoen du mottok vedtaket. Du finner skjema og informasjon på [nav.no/klage](https://nav.no/klage).
<br/>
<br/>
<br/>
**Du har rett til innsyn**<br/>
På [nav.no/dittnav](https://nav.no/dittnav) kan du se dokumentene i saken din.
<br/>
<br/>
<br/>
**Har du spørsmål?**<br/>
Du finner nyttig informasjon på [nav.no/familie](https://nav.no/familie).
<br/>
<br/>
<br/>
Med vennlig hilsen
<br/>
NAV Familie- og Pensjonsytelser<br/><br/>


Vedtaket har blitt automatisk saksbehandlet av vårt fagsystem. Vedtaksbrevet er derfor ikke underskrevet av saksbehandler.

