<p align="right">
Dato: 12. august 2021
</p>
<br>
<br>
<br>
<br/>
<br/>

# NAV har innvilga søknaden din om 80 prosent foreldrepengar

<p style="color:gray">
Saksnummer i NAV: 123456789
<br/>
Namn: HOL ANONYMISERT
<br/>
Fødselsnummer: 123456 12345
<br/>

</p>

Vi har vurdert saka di på nytt, og du har rett til foreldrepengar. Vi har derfor endra vedtaket du har fått tidlegare.

Du får 1 871 kroner per dag før skatt frå og med 18. juni 2020. Dette er i gjennomsnitt 40 538 kroner i månaden. Den siste dagen du får foreldrepengar er 13. august 2021.

<br/>

**Dette har vi innvilga**

* Du får utsett foreldrepengane frå og med 18. juni 2020 til og med 21. juli 2020 fordi du jobbar heiltid.

* Du tek ut foreldrepengar frå og med 22. juli 2020 til og med 14. august 2020. I denne perioden får du 1 871 kroner per dag før skatt.

* Du får utsett foreldrepengane frå og med 17. august 2020 til og med 22. september 2020 fordi du jobbar heiltid.

* Du tek ut foreldrepengar frå og med 23. september 2020 til og med 16. oktober 2020. I denne perioden får du 1 871 kroner per dag før skatt.

* Du får utsett foreldrepengane frå og med 19. oktober 2020 til og med 24. november 2020 fordi du jobbar heiltid.

* Du tek ut foreldrepengar frå og med 25. november 2020 til og med 18. desember 2020. I denne perioden får du 1 871 kroner per dag før skatt.

* Du får utsett foreldrepengane frå og med 21. desember 2020 til og med 30. mars 2021 fordi du jobbar heiltid.

* Du tek ut foreldrepengar frå og med 31. mars 2021 til og med 23. april 2021. I denne perioden får du 1 871 kroner per dag før skatt.

* Du får utsett foreldrepengane frå og med 26. april 2021 til og med 1. juni 2021 fordi du jobbar heiltid.

* Du tek ut foreldrepengar frå og med 2. juni 2021 til og med 25. juni 2021. I denne perioden får du 1 871 kroner per dag før skatt.

* Du får utsett foreldrepengane frå og med 28. juni 2021 til og med 6. august 2021 fordi du jobbar heiltid.

* Du tek ut foreldrepengar frå og med 9. august 2021 til og med 13. august 2021. I denne perioden får du 1 871 kroner per dag før skatt.

Foreldrepengane utgjer det same som tidlegare. Sjekk utbetalingane dine på [nav.no/utbetalinger](https://nav.no/utbetalinger).

Den siste dagen med foreldrepengar er 13. august 2021.

Vedtaket er gjort etter folketrygdlova §§ 14-11, 14-12 og forvaltningsloven § 35.

Fordi du har valt 80 prosent foreldrepengar, får du mindre utbetalt i månaden.

**Kva skjer dersom du får utbetalt foreldrepengar og løn for same periode?**

Dersom du har fått utbetalt foreldrepengar samtidig som du har jobba eller hatt ferie, har du fått utbetalt for mykje i foreldrepengar. Det betyr at utbetalinga i neste månad kan bli redusert med det du har fått utbetalt for mykje.

<br/>

**Du må melde frå om endringar**<br/>
Dersom det skjer endringar som kan få følgjer for stønaden du får betalt ut, må du melde frå til NAV med ein gong. Du finn meir informasjon på [nav.no/rettogplikt](https://nav.no/rettogplikt).
<br/>
<br/>
<br/>
**Du har rett til å klage**<br/>
Du kan klage innan 6 veker frå den datoen du fekk vedtaket. Du finn skjema og informasjon på [nav.no/klage](https://nav.no/klage).
<br/>
<br/>
<br/>
**Du har rett til innsyn**<br/>
På [nav.no/dittnav](https://nav.no/dittnav) kan du sjå dokumenta i saka di.
<br/>
<br/>
<br/>
<div style="break-inside: avoid; page-break-inside: avoid">

**Har du spørsmål?**<br/>
Du finn nyttig informasjon på [nav.no/familie](https://nav.no/familie).
<br/>
<br/>
<br/>
Med vennleg helsing
<br/>
NAV Familie- og Pensjonsytelser

<br/><br/>

Vedtaket har blitt automatisk saksbehandla av fagsystemet vårt. Det er derfor ingen saksbehandlar som har underskrive vedtaksbrevet.

<br/><br/>

**Dette er ein kopi, orginal er sendt til verje**.

</div>
