<p align="right">
Dato: 4. april 2020
</p>
<br>
<br>
<br>

#  Vi trenger flere opplysninger
<p style="color:gray">
Saksnummer i NAV: 123456789
<br/>
Navn: Dolly Duck
<br/>
Fødselsnummer: 300220 12345
<br/>

</p>

Vi fikk klage på engangsstønad fra Dolly Duck 1. april 2020, men mangler opplysninger for å kunne behandle den.

##### Du må sende oss
Tekst
- Attest
- Bekreftelse
Mer tekst
<br/>
##### Søknaden kan bli avslått
Hvis du ikke sender oss dette innen 24. mai 2020, behandler vi saken med de opplysningene vi har.

Dette går fram av folketrygdloven § 21-3.
<br/>
<br/>
##### Du har rett til innsyn
På [nav.no/dittnav](https://nav.no/dittnav) kan du se dokumentene i saken din.
<br/>
<br/>
<div style="break-inside: avoid; page-break-inside: avoid">

##### Har du spørsmål?
Du finner nyttig informasjon på [nav.no/familie](https://nav.no/familie).
<br/>
<br/>
<br/>
Med vennlig hilsen
<br/>
NAV Familie- og pensjonsytelser

</div>

